Archive member included to satisfy reference by file (symbol)

c:/st/stm32cubeide_1.11.2/stm32cubeide/plugins/com.st.stm32cube.ide.mcu.externaltools.gnu-tools-for-stm32.10.3-2021.10.win32_1.0.200.202301161003/tools/bin/../lib/gcc/arm-none-eabi/10.3.1/../../../../arm-none-eabi/lib/thumb/v7e-m+fp/hard\libc_nano.a(lib_a-errno.o)
                              ./Core/Src/syscalls.o (__errno)
c:/st/stm32cubeide_1.11.2/stm32cubeide/plugins/com.st.stm32cube.ide.mcu.externaltools.gnu-tools-for-stm32.10.3-2021.10.win32_1.0.200.202301161003/tools/bin/../lib/gcc/arm-none-eabi/10.3.1/../../../../arm-none-eabi/lib/thumb/v7e-m+fp/hard\libc_nano.a(lib_a-exit.o)
                              c:/st/stm32cubeide_1.11.2/stm32cubeide/plugins/com.st.stm32cube.ide.mcu.externaltools.gnu-tools-for-stm32.10.3-2021.10.win32_1.0.200.202301161003/tools/bin/../lib/gcc/arm-none-eabi/10.3.1/../../../../arm-none-eabi/lib/thumb/v7e-m+fp/hard/crt0.o (exit)
c:/st/stm32cubeide_1.11.2/stm32cubeide/plugins/com.st.stm32cube.ide.mcu.externaltools.gnu-tools-for-stm32.10.3-2021.10.win32_1.0.200.202301161003/tools/bin/../lib/gcc/arm-none-eabi/10.3.1/../../../../arm-none-eabi/lib/thumb/v7e-m+fp/hard\libc_nano.a(lib_a-impure.o)
                              c:/st/stm32cubeide_1.11.2/stm32cubeide/plugins/com.st.stm32cube.ide.mcu.externaltools.gnu-tools-for-stm32.10.3-2021.10.win32_1.0.200.202301161003/tools/bin/../lib/gcc/arm-none-eabi/10.3.1/../../../../arm-none-eabi/lib/thumb/v7e-m+fp/hard\libc_nano.a(lib_a-exit.o) (_global_impure_ptr)
c:/st/stm32cubeide_1.11.2/stm32cubeide/plugins/com.st.stm32cube.ide.mcu.externaltools.gnu-tools-for-stm32.10.3-2021.10.win32_1.0.200.202301161003/tools/bin/../lib/gcc/arm-none-eabi/10.3.1/../../../../arm-none-eabi/lib/thumb/v7e-m+fp/hard\libc_nano.a(lib_a-init.o)
                              c:/st/stm32cubeide_1.11.2/stm32cubeide/plugins/com.st.stm32cube.ide.mcu.externaltools.gnu-tools-for-stm32.10.3-2021.10.win32_1.0.200.202301161003/tools/bin/../lib/gcc/arm-none-eabi/10.3.1/../../../../arm-none-eabi/lib/thumb/v7e-m+fp/hard/crt0.o (__libc_init_array)
c:/st/stm32cubeide_1.11.2/stm32cubeide/plugins/com.st.stm32cube.ide.mcu.externaltools.gnu-tools-for-stm32.10.3-2021.10.win32_1.0.200.202301161003/tools/bin/../lib/gcc/arm-none-eabi/10.3.1/../../../../arm-none-eabi/lib/thumb/v7e-m+fp/hard\libc_nano.a(lib_a-memset.o)
                              c:/st/stm32cubeide_1.11.2/stm32cubeide/plugins/com.st.stm32cube.ide.mcu.externaltools.gnu-tools-for-stm32.10.3-2021.10.win32_1.0.200.202301161003/tools/bin/../lib/gcc/arm-none-eabi/10.3.1/../../../../arm-none-eabi/lib/thumb/v7e-m+fp/hard/crt0.o (memset)
c:/st/stm32cubeide_1.11.2/stm32cubeide/plugins/com.st.stm32cube.ide.mcu.externaltools.gnu-tools-for-stm32.10.3-2021.10.win32_1.0.200.202301161003/tools/bin/../lib/gcc/arm-none-eabi/10.3.1/../../../../arm-none-eabi/lib/thumb/v7e-m+fp/hard\libm.a(lib_a-s_sin.o)
                              ./Core/Src/main.o (sin)
c:/st/stm32cubeide_1.11.2/stm32cubeide/plugins/com.st.stm32cube.ide.mcu.externaltools.gnu-tools-for-stm32.10.3-2021.10.win32_1.0.200.202301161003/tools/bin/../lib/gcc/arm-none-eabi/10.3.1/../../../../arm-none-eabi/lib/thumb/v7e-m+fp/hard\libm.a(lib_a-w_asin.o)
                              ./Core/Src/main.o (asin)
c:/st/stm32cubeide_1.11.2/stm32cubeide/plugins/com.st.stm32cube.ide.mcu.externaltools.gnu-tools-for-stm32.10.3-2021.10.win32_1.0.200.202301161003/tools/bin/../lib/gcc/arm-none-eabi/10.3.1/../../../../arm-none-eabi/lib/thumb/v7e-m+fp/hard\libm.a(lib_a-w_sqrt.o)
                              ./Core/Src/main.o (sqrt)
c:/st/stm32cubeide_1.11.2/stm32cubeide/plugins/com.st.stm32cube.ide.mcu.externaltools.gnu-tools-for-stm32.10.3-2021.10.win32_1.0.200.202301161003/tools/bin/../lib/gcc/arm-none-eabi/10.3.1/../../../../arm-none-eabi/lib/thumb/v7e-m+fp/hard\libm.a(lib_a-e_asin.o)
                              c:/st/stm32cubeide_1.11.2/stm32cubeide/plugins/com.st.stm32cube.ide.mcu.externaltools.gnu-tools-for-stm32.10.3-2021.10.win32_1.0.200.202301161003/tools/bin/../lib/gcc/arm-none-eabi/10.3.1/../../../../arm-none-eabi/lib/thumb/v7e-m+fp/hard\libm.a(lib_a-w_asin.o) (__ieee754_asin)
c:/st/stm32cubeide_1.11.2/stm32cubeide/plugins/com.st.stm32cube.ide.mcu.externaltools.gnu-tools-for-stm32.10.3-2021.10.win32_1.0.200.202301161003/tools/bin/../lib/gcc/arm-none-eabi/10.3.1/../../../../arm-none-eabi/lib/thumb/v7e-m+fp/hard\libm.a(lib_a-e_rem_pio2.o)
                              c:/st/stm32cubeide_1.11.2/stm32cubeide/plugins/com.st.stm32cube.ide.mcu.externaltools.gnu-tools-for-stm32.10.3-2021.10.win32_1.0.200.202301161003/tools/bin/../lib/gcc/arm-none-eabi/10.3.1/../../../../arm-none-eabi/lib/thumb/v7e-m+fp/hard\libm.a(lib_a-s_sin.o) (__ieee754_rem_pio2)
c:/st/stm32cubeide_1.11.2/stm32cubeide/plugins/com.st.stm32cube.ide.mcu.externaltools.gnu-tools-for-stm32.10.3-2021.10.win32_1.0.200.202301161003/tools/bin/../lib/gcc/arm-none-eabi/10.3.1/../../../../arm-none-eabi/lib/thumb/v7e-m+fp/hard\libm.a(lib_a-e_sqrt.o)
[...]
Memory Configuration

Name             Origin             Length             Attributes
RAM              0x0000000020000000 0x0000000000020000 xrw
FLASH            0x0000000008000000 0x0000000000080000 xr
*default*        0x0000000000000000 0xffffffffffffffff

Linker script and memory map

LOAD c:/st/stm32cubeide_1.11.2/stm32cubeide/plugins/com.st.stm32cube.ide.mcu.externaltools.gnu-tools-for-stm32.10.3-2021.10.win32_1.0.200.202301161003/tools/bin/../lib/gcc/arm-none-eabi/10.3.1/thumb/v7e-m+fp/hard/crti.o
LOAD c:/st/stm32cubeide_1.11.2/stm32cubeide/plugins/com.st.stm32cube.ide.mcu.externaltools.gnu-tools-for-stm32.10.3-2021.10.win32_1.0.200.202301161003/tools/bin/../lib/gcc/arm-none-eabi/10.3.1/thumb/v7e-m+fp/hard/crtbegin.o
LOAD c:/st/stm32cubeide_1.11.2/stm32cubeide/plugins/com.st.stm32cube.ide.mcu.externaltools.gnu-tools-for-stm32.10.3-2021.10.win32_1.0.200.202301161003/tools/bin/../lib/gcc/arm-none-eabi/10.3.1/../../../../arm-none-eabi/lib/thumb/v7e-m+fp/hard/crt0.o
LOAD ./Core/Src/HMC5883L.o
LOAD ./Core/Src/bmp280.o
LOAD ./Core/Src/main.o
LOAD ./Core/Src/stm32f4xx_hal_msp.o
LOAD ./Core/Src/stm32f4xx_it.o
LOAD ./Core/Src/syscalls.o
LOAD ./Core/Src/sysmem.o
LOAD ./Core/Src/system_stm32f4xx.o
LOAD ./Core/Startup/startup_stm32f411ceux.o
LOAD ./Drivers/STM32F4xx_HAL_Driver/Src/stm32f4xx_hal.o
LOAD ./Drivers/STM32F4xx_HAL_Driver/Src/stm32f4xx_hal_cortex.o
LOAD ./Drivers/STM32F4xx_HAL_Driver/Src/stm32f4xx_hal_dma.o
LOAD ./Drivers/STM32F4xx_HAL_Driver/Src/stm32f4xx_hal_dma_ex.o
LOAD ./Drivers/STM32F4xx_HAL_Driver/Src/stm32f4xx_hal_exti.o
LOAD ./Drivers/STM32F4xx_HAL_Driver/Src/stm32f4xx_hal_flash.o
LOAD ./Drivers/STM32F4xx_HAL_Driver/Src/stm32f4xx_hal_flash_ex.o
LOAD ./Drivers/STM32F4xx_HAL_Driver/Src/stm32f4xx_hal_flash_ramfunc.o
LOAD ./Drivers/STM32F4xx_HAL_Driver/Src/stm32f4xx_hal_gpio.o
LOAD ./Drivers/STM32F4xx_HAL_Driver/Src/stm32f4xx_hal_i2c.o
LOAD ./Drivers/STM32F4xx_HAL_Driver/Src/stm32f4xx_hal_i2c_ex.o
LOAD ./Drivers/STM32F4xx_HAL_Driver/Src/stm32f4xx_hal_pwr.o
LOAD ./Drivers/STM32F4xx_HAL_Driver/Src/stm32f4xx_hal_pwr_ex.o
LOAD ./Drivers/STM32F4xx_HAL_Driver/Src/stm32f4xx_hal_rcc.o
LOAD ./Drivers/STM32F4xx_HAL_Driver/Src/stm32f4xx_hal_rcc_ex.o
LOAD ./Drivers/STM32F4xx_HAL_Driver/Src/stm32f4xx_hal_tim.o
LOAD ./Drivers/STM32F4xx_HAL_Driver/Src/stm32f4xx_hal_tim_ex.o
LOAD ./Drivers/STM32F4xx_HAL_Driver/Src/stm32f4xx_hal_uart.o
START GROUP
LOAD c:/st/stm32cubeide_1.11.2/stm32cubeide/plugins/com.st.stm32cube.ide.mcu.externaltools.gnu-tools-for-stm32.10.3-2021.10.win32_1.0.200.202301161003/tools/bin/../lib/gcc/arm-none-eabi/10.3.1/../../../../arm-none-eabi/lib/thumb/v7e-m+fp/hard\libc_nano.a
LOAD c:/st/stm32cubeide_1.11.2/stm32cubeide/plugins/com.st.stm32cube.ide.mcu.externaltools.gnu-tools-for-stm32.10.3-2021.10.win32_1.0.200.202301161003/tools/bin/../lib/gcc/arm-none-eabi/10.3.1/../../../../arm-none-eabi/lib/thumb/v7e-m+fp/hard\libm.a
END GROUP
START GROUP
LOAD c:/st/stm32cubeide_1.11.2/stm32cubeide/plugins/com.st.stm32cube.ide.mcu.externaltools.gnu-tools-for-stm32.10.3-2021.10.win32_1.0.200.202301161003/tools/bin/../lib/gcc/arm-none-eabi/10.3.1/thumb/v7e-m+fp/hard\libgcc.a
LOAD c:/st/stm32cubeide_1.11.2/stm32cubeide/plugins/com.st.stm32cube.ide.mcu.externaltools.gnu-tools-for-stm32.10.3-2021.10.win32_1.0.200.202301161003/tools/bin/../lib/gcc/arm-none-eabi/10.3.1/../../../../arm-none-eabi/lib/thumb/v7e-m+fp/hard\libc_nano.a
END GROUP
START GROUP
LOAD c:/st/stm32cubeide_1.11.2/stm32cubeide/plugins/com.st.stm32cube.ide.mcu.externaltools.gnu-tools-for-stm32.10.3-2021.10.win32_1.0.200.202301161003/tools/bin/../lib/gcc/arm-none-eabi/10.3.1/thumb/v7e-m+fp/hard\libgcc.a
LOAD c:/st/stm32cubeide_1.11.2/stm32cubeide/plugins/com.st.stm32cube.ide.mcu.externaltools.gnu-tools-for-stm32.10.3-2021.10.win32_1.0.200.202301161003/tools/bin/../lib/gcc/arm-none-eabi/10.3.1/../../../../arm-none-eabi/lib/thumb/v7e-m+fp/hard\libc_nano.a
LOAD c:/st/stm32cubeide_1.11.2/stm32cubeide/plugins/com.st.stm32cube.ide.mcu.externaltools.gnu-tools-for-stm32.10.3-2021.10.win32_1.0.200.202301161003/tools/bin/../lib/gcc/arm-none-eabi/10.3.1/../../../../arm-none-eabi/lib/thumb/v7e-m+fp/hard\libnosys.a
END GROUP
START GROUP
LOAD c:/st/stm32cubeide_1.11.2/stm32cubeide/plugins/com.st.stm32cube.ide.mcu.externaltools.gnu-tools-for-stm32.10.3-2021.10.win32_1.0.200.202301161003/tools/bin/../lib/gcc/arm-none-eabi/10.3.1/thumb/v7e-m+fp/hard\libgcc.a
LOAD c:/st/stm32cubeide_1.11.2/stm32cubeide/plugins/com.st.stm32cube.ide.mcu.externaltools.gnu-tools-for-stm32.10.3-2021.10.win32_1.0.200.202301161003/tools/bin/../lib/gcc/arm-none-eabi/10.3.1/../../../../arm-none-eabi/lib/thumb/v7e-m+fp/hard\libc_nano.a
LOAD c:/st/stm32cubeide_1.11.2/stm32cubeide/plugins/com.st.stm32cube.ide.mcu.externaltools.gnu-tools-for-stm32.10.3-2021.10.win32_1.0.200.202301161003/tools/bin/../lib/gcc/arm-none-eabi/10.3.1/../../../../arm-none-eabi/lib/thumb/v7e-m+fp/hard\libnosys.a
END GROUP
LOAD c:/st/stm32cubeide_1.11.2/stm32cubeide/plugins/com.st.stm32cube.ide.mcu.externaltools.gnu-tools-for-stm32.10.3-2021.10.win32_1.0.200.202301161003/tools/bin/../lib/gcc/arm-none-eabi/10.3.1/thumb/v7e-m+fp/hard/crtend.o
LOAD c:/st/stm32cubeide_1.11.2/stm32cubeide/plugins/com.st.stm32cube.ide.mcu.externaltools.gnu-tools-for-stm32.10.3-2021.10.win32_1.0.200.202301161003/tools/bin/../lib/gcc/arm-none-eabi/10.3.1/thumb/v7e-m+fp/hard/crtn.o
                0x0000000020020000                _estack = (ORIGIN (RAM) + LENGTH (RAM))
                0x0000000000000200                _Min_Heap_Size = 0x200
                0x0000000000000400                _Min_Stack_Size = 0x400

.isr_vector     0x0000000008000000      0x198
                0x0000000008000000                . = ALIGN (0x4)
 *(.isr_vector)
 .isr_vector    0x0000000008000000      0x198 ./Core/Startup/startup_stm32f411ceux.o
                0x0000000008000000                g_pfnVectors
                0x0000000008000198                . = ALIGN (0x4)

.text           0x0000000008000198     0x8b9c
                0x0000000008000198                . = ALIGN (0x4)
 *(.text)
 .text          0x0000000008000198       0x40 c:/st/stm32cubeide_1.11.2/stm32cubeide/plugins/com.st.stm32cube.ide.mcu.externaltools.gnu-tools-for-stm32.10.3-2021.10.win32_1.0.200.202301161003/tools/bin/../lib/gcc/arm-none-eabi/10.3.1/thumb/v7e-m+fp/hard/crtbegin.o
 .text          0x00000000080001d8      0x378 c:/st/stm32cubeide_1.11.2/stm32cubeide/plugins/com.st.stm32cube.ide.mcu.externaltools.gnu-tools-for-stm32.10.3-2021.10.win32_1.0.200.202301161003/tools/bin/../lib/gcc/arm-none-eabi/10.3.1/thumb/v7e-m+fp/hard\libgcc.a(_arm_addsubdf3.o)
                0x00000000080001d8                __aeabi_drsub
                0x00000000080001e0                __aeabi_dsub
                0x00000000080001e0                __subdf3
                0x00000000080001e4                __aeabi_dadd
                0x00000000080001e4                __adddf3
                0x000000000800045c                __floatunsidf
                0x000000000800045c                __aeabi_ui2d
                0x000000000800047c                __floatsidf
                0x000000000800047c                __aeabi_i2d
                0x00000000080004a0                __aeabi_f2d
                0x00000000080004a0                __extendsfdf2
                0x00000000080004e4                __floatundidf
                0x00000000080004e4                __aeabi_ul2d
                0x00000000080004f4                __floatdidf
                0x00000000080004f4                __aeabi_l2d
 .text          0x0000000008000550      0x424 c:/st/stm32cubeide_1.11.2/stm32cubeide/plugins/com.st.stm32cube.ide.mcu.externaltools.gnu-tools-for-stm32.10.3-2021.10.win32_1.0.200.202301161003/tools/bin/../lib/gcc/arm-none-eabi/10.3.1/thumb/v7e-m+fp/hard\libgcc.a(_arm_muldivdf3.o)
                0x0000000008000550                __aeabi_dmul
                0x0000000008000550                __muldf3
                0x00000000080007a4                __divdf3
                0x00000000080007a4                __aeabi_ddiv
 .text          0x0000000008000974      0x110 c:/st/stm32cubeide_1.11.2/stm32cubeide/plugins/com.st.stm32cube.ide.mcu.externaltools.gnu-tools-for-stm32.10.3-2021.10.win32_1.0.200.202301161003/tools/bin/../lib/gcc/arm-none-eabi/10.3.1/thumb/v7e-m+fp/hard\libgcc.a(_arm_cmpdf2.o)
                0x0000000008000974                __gtdf2
                0x0000000008000974                __gedf2
                0x000000000800097c                __ltdf2
                0x000000000800097c                __ledf2
                0x0000000008000984                __nedf2
                0x0000000008000984                __eqdf2
                0x0000000008000984                __cmpdf2
                0x0000000008000a00                __aeabi_cdrcmple
                0x0000000008000a10                __aeabi_cdcmpeq
                0x0000000008000a10                __aeabi_cdcmple
                0x0000000008000a20                __aeabi_dcmpeq
                0x0000000008000a34                __aeabi_dcmplt
                0x0000000008000a48                __aeabi_dcmple
                0x0000000008000a5c                __aeabi_dcmpge
                0x0000000008000a70                __aeabi_dcmpgt
 .text          0x0000000008000a84       0x2c c:/st/stm32cubeide_1.11.2/stm32cubeide/plugins/com.st.stm32cube.ide.mcu.externaltools.gnu-tools-for-stm32.10.3-2021.10.win32_1.0.200.202301161003/tools/bin/../lib/gcc/arm-none-eabi/10.3.1/thumb/v7e-m+fp/hard\libgcc.a(_arm_unorddf2.o)
                0x0000000008000a84                __unorddf2
                0x0000000008000a84                __aeabi_dcmpun
 .text          0x0000000008000ab0       0x50 c:/st/stm32cubeide_1.11.2/stm32cubeide/plugins/com.st.stm32cube.ide.mcu.externaltools.gnu-tools-for-stm32.10.3-2021.10.win32_1.0.200.202301161003/tools/bin/../lib/gcc/arm-none-eabi/10.3.1/thumb/v7e-m+fp/hard\libgcc.a(_arm_fixdfsi.o)
                0x0000000008000ab0                __aeabi_d2iz
                0x0000000008000ab0                __fixdfsi
 .text          0x0000000008000b00       0xa0 c:/st/stm32cubeide_1.11.2/stm32cubeide/plugins/com.st.stm32cube.ide.mcu.externaltools.gnu-tools-for-stm32.10.3-2021.10.win32_1.0.200.202301161003/tools/bin/../lib/gcc/arm-none-eabi/10.3.1/thumb/v7e-m+fp/hard\libgcc.a(_arm_truncdfsf2.o)
                0x0000000008000b00                __truncdfsf2
                0x0000000008000b00                __aeabi_d2f
 .text          0x0000000008000ba0       0x30 c:/st/stm32cubeide_1.11.2/stm32cubeide/plugins/com.st.stm32cube.ide.mcu.externaltools.gnu-tools-for-stm32.10.3-2021.10.win32_1.0.200.202301161003/tools/bin/../lib/gcc/arm-none-eabi/10.3.1/thumb/v7e-m+fp/hard\libgcc.a(_aeabi_uldivmod.o)
                0x0000000008000ba0                __aeabi_uldivmod
 .text          0x0000000008000bd0      0x2d0 c:/st/stm32cubeide_1.11.2/stm32cubeide/plugins/com.st.stm32cube.ide.mcu.externaltools.gnu-tools-for-stm32.10.3-2021.10.win32_1.0.200.202301161003/tools/bin/../lib/gcc/arm-none-eabi/10.3.1/thumb/v7e-m+fp/hard\libgcc.a(_udivmoddi4.o)
                0x0000000008000bd0                __udivmoddi4
 .text          0x0000000008000ea0        0x4 c:/st/stm32cubeide_1.11.2/stm32cubeide/plugins/com.st.stm32cube.ide.mcu.externaltools.gnu-tools-for-stm32.10.3-2021.10.win32_1.0.200.202301161003/tools/bin/../lib/gcc/arm-none-eabi/10.3.1/thumb/v7e-m+fp/hard\libgcc.a(_dvmd_tls.o)
                0x0000000008000ea0                __aeabi_idiv0
                0x0000000008000ea0                __aeabi_ldiv0
 *(.text*)
 .text.HMC5883L_setOffset
                0x0000000008000ea4       0x2c ./Core/Src/HMC5883L.o
                0x0000000008000ea4                HMC5883L_setOffset
 .text.HMC5883L_setRange
                0x0000000008000ed0       0xb4 ./Core/Src/HMC5883L.o
                0x0000000008000ed0                HMC5883L_setRange
 .text.HMC5883L_setMeasurementMode
                0x0000000008000f84       0x36 ./Core/Src/HMC5883L.o
                0x0000000008000f84                HMC5883L_setMeasurementMode
 .text.HMC5883L_setDataRate
                0x0000000008000fba       0x3e ./Core/Src/HMC5883L.o
                0x0000000008000fba                HMC5883L_setDataRate
 .text.HMC5883L_setSamples
                0x0000000008000ff8       0x3e ./Core/Src/HMC5883L.o
                0x0000000008000ff8                HMC5883L_setSamples
 *fill*         0x0000000008001036        0x2 
 .text.HMC5883L_writeRegister8
                0x0000000008001038       0x38 ./Core/Src/HMC5883L.o
                0x0000000008001038                HMC5883L_writeRegister8
 .text.HMC5883L_readRegister8
                0x0000000008001070       0x38 ./Core/Src/HMC5883L.o
                0x0000000008001070                HMC5883L_readRegister8
 .text.bmp280_init_default_params
                0x00000000080010a8       0x38 ./Core/Src/bmp280.o
                0x00000000080010a8                bmp280_init_default_params
 .text.read_register16
                0x00000000080010e0       0x5e ./Core/Src/bmp280.o
 .text.read_data
                0x000000000800113e       0x50 ./Core/Src/bmp280.o
 .text.read_calibration_data
                0x000000000800118e      0x104 ./Core/Src/bmp280.o
 .text.read_hum_calibration_data
                0x0000000008001292       0xc0 ./Core/Src/bmp280.o
 .text.write_register8
                0x0000000008001352       0x4a ./Core/Src/bmp280.o
 .text.bmp280_init
                0x000000000800139c      0x15a ./Core/Src/bmp280.o
                0x000000000800139c                bmp280_init
 *fill*         0x00000000080014f6        0x2 
 .text.MPU6050_Init
                0x00000000080014f8       0xac ./Core/Src/main.o
                0x00000000080014f8                MPU6050_Init
 .text.gyro_get_data
                0x00000000080015a4       0xec ./Core/Src/main.o
                0x00000000080015a4                gyro_get_data
 .text.mpu6050_cal
                0x0000000008001690      0x278 ./Core/Src/main.o
                0x0000000008001690                mpu6050_cal
 .text.main     0x0000000008001908      0xfb4 ./Core/Src/main.o
                0x0000000008001908                main
 .text.SystemClock_Config
                0x00000000080028bc       0xd0 ./Core/Src/main.o
                0x00000000080028bc                SystemClock_Config
 .text.MX_I2C1_Init
                0x000000000800298c       0x5c ./Core/Src/main.o
 .text.MX_TIM5_Init
                0x00000000080029e8      0x130 ./Core/Src/main.o
 .text.MX_TIM10_Init
                0x0000000008002b18       0x48 ./Core/Src/main.o
 .text.MX_TIM11_Init
                0x0000000008002b60       0x48 ./Core/Src/main.o
 .text.MX_USART1_UART_Init
                0x0000000008002ba8       0x54 ./Core/Src/main.o
 .text.MX_DMA_Init
                0x0000000008002bfc       0x40 ./Core/Src/main.o
 .text.MX_GPIO_Init
                0x0000000008002c3c      0x118 ./Core/Src/main.o
 .text.HAL_GPIO_EXTI_Callback
                0x0000000008002d54       0x7c ./Core/Src/main.o
                0x0000000008002d54                HAL_GPIO_EXTI_Callback
 .text.Error_Handler
                0x0000000008002dd0        0xa ./Core/Src/main.o
                0x0000000008002dd0                Error_Handler
 *fill*         0x0000000008002dda        0x2 
 .text.HAL_MspInit
                0x0000000008002ddc       0x50 ./Core/Src/stm32f4xx_hal_msp.o
                0x0000000008002ddc                HAL_MspInit
 .text.HAL_I2C_MspInit
                0x0000000008002e2c       0x90 ./Core/Src/stm32f4xx_hal_msp.o
                0x0000000008002e2c                HAL_I2C_MspInit
 .text.HAL_TIM_Base_MspInit
                0x0000000008002ebc       0xa8 ./Core/Src/stm32f4xx_hal_msp.o
                0x0000000008002ebc                HAL_TIM_Base_MspInit
 .text.HAL_TIM_MspPostInit
                0x0000000008002f64       0x74 ./Core/Src/stm32f4xx_hal_msp.o
                0x0000000008002f64                HAL_TIM_MspPostInit
 .text.HAL_UART_MspInit
                0x0000000008002fd8      0x108 ./Core/Src/stm32f4xx_hal_msp.o
                0x0000000008002fd8                HAL_UART_MspInit
 .text.NMI_Handler
                0x00000000080030e0        0x6 ./Core/Src/stm32f4xx_it.o
                0x00000000080030e0                NMI_Handler
 .text.HardFault_Handler
                0x00000000080030e6        0x6 ./Core/Src/stm32f4xx_it.o
                0x00000000080030e6                HardFault_Handler
 .text.MemManage_Handler
                0x00000000080030ec        0x6 ./Core/Src/stm32f4xx_it.o
                0x00000000080030ec                MemManage_Handler
 .text.BusFault_Handler
                0x00000000080030f2        0x6 ./Core/Src/stm32f4xx_it.o
                0x00000000080030f2                BusFault_Handler
 .text.UsageFault_Handler
                0x00000000080030f8        0x6 ./Core/Src/stm32f4xx_it.o
                0x00000000080030f8                UsageFault_Handler
 .text.SVC_Handler
                0x00000000080030fe        0xe ./Core/Src/stm32f4xx_it.o
                0x00000000080030fe                SVC_Handler
 .text.DebugMon_Handler
                0x000000000800310c        0xe ./Core/Src/stm32f4xx_it.o
                0x000000000800310c                DebugMon_Handler
 .text.PendSV_Handler
                0x000000000800311a        0xe ./Core/Src/stm32f4xx_it.o
                0x000000000800311a                PendSV_Handler
 .text.SysTick_Handler
                0x0000000008003128        0xc ./Core/Src/stm32f4xx_it.o
                0x0000000008003128                SysTick_Handler
 .text.EXTI4_IRQHandler
                0x0000000008003134        0xe ./Core/Src/stm32f4xx_it.o
                0x0000000008003134                EXTI4_IRQHandler
 *fill*         0x0000000008003142        0x2 
 .text.TIM1_TRG_COM_TIM11_IRQHandler
                0x0000000008003144       0x14 ./Core/Src/stm32f4xx_it.o
                0x0000000008003144                TIM1_TRG_COM_TIM11_IRQHandler
 .text.USART1_IRQHandler
                0x0000000008003158       0x14 ./Core/Src/stm32f4xx_it.o
                0x0000000008003158                USART1_IRQHandler
 .text.DMA2_Stream2_IRQHandler
                0x000000000800316c       0x14 ./Core/Src/stm32f4xx_it.o
                0x000000000800316c                DMA2_Stream2_IRQHandler
 .text.SystemInit
                0x0000000008003180       0x24 ./Core/Src/system_stm32f4xx.o
                0x0000000008003180                SystemInit
 .text.Reset_Handler
                0x00000000080031a4       0x50 ./Core/Startup/startup_stm32f411ceux.o
                0x00000000080031a4                Reset_Handler
 .text.Default_Handler
                0x00000000080031f4        0x2 ./Core/Startup/startup_stm32f411ceux.o
                0x00000000080031f4                RTC_Alarm_IRQHandler
                0x00000000080031f4                EXTI2_IRQHandler
                0x00000000080031f4                SPI4_IRQHandler
                0x00000000080031f4                TIM1_CC_IRQHandler
                0x00000000080031f4                DMA2_Stream5_IRQHandler
                0x00000000080031f4                DMA1_Stream5_IRQHandler
                0x00000000080031f4                PVD_IRQHandler
                0x00000000080031f4                SDIO_IRQHandler
                0x00000000080031f4                TAMP_STAMP_IRQHandler
                0x00000000080031f4                EXTI3_IRQHandler
                0x00000000080031f4                TIM1_UP_TIM10_IRQHandler
                0x00000000080031f4                I2C3_ER_IRQHandler
                0x00000000080031f4                EXTI0_IRQHandler
                0x00000000080031f4                I2C2_EV_IRQHandler
                0x00000000080031f4                DMA1_Stream2_IRQHandler
                0x00000000080031f4                FPU_IRQHandler
                0x00000000080031f4                SPI1_IRQHandler
                0x00000000080031f4                TIM1_BRK_TIM9_IRQHandler
                0x00000000080031f4                DMA2_Stream3_IRQHandler
                0x00000000080031f4                USART6_IRQHandler
                0x00000000080031f4                DMA2_Stream0_IRQHandler
                0x00000000080031f4                TIM4_IRQHandler
                0x00000000080031f4                I2C1_EV_IRQHandler
                0x00000000080031f4                DMA1_Stream6_IRQHandler
                0x00000000080031f4                DMA1_Stream1_IRQHandler
                0x00000000080031f4                TIM3_IRQHandler
                0x00000000080031f4                RCC_IRQHandler
                0x00000000080031f4                Default_Handler
                0x00000000080031f4                EXTI15_10_IRQHandler
                0x00000000080031f4                ADC_IRQHandler
                0x00000000080031f4                DMA1_Stream7_IRQHandler
                0x00000000080031f4                SPI5_IRQHandler
                0x00000000080031f4                TIM5_IRQHandler
                0x00000000080031f4                DMA2_Stream7_IRQHandler
                0x00000000080031f4                I2C3_EV_IRQHandler
                0x00000000080031f4                EXTI9_5_IRQHandler
                0x00000000080031f4                RTC_WKUP_IRQHandler
                0x00000000080031f4                SPI2_IRQHandler
                0x00000000080031f4                DMA1_Stream0_IRQHandler
                0x00000000080031f4                WWDG_IRQHandler
                0x00000000080031f4                TIM2_IRQHandler
                0x00000000080031f4                OTG_FS_WKUP_IRQHandler
                0x00000000080031f4                EXTI1_IRQHandler
                0x00000000080031f4                USART2_IRQHandler
                0x00000000080031f4                I2C2_ER_IRQHandler
                0x00000000080031f4                DMA2_Stream1_IRQHandler
                0x00000000080031f4                FLASH_IRQHandler
                0x00000000080031f4                DMA2_Stream4_IRQHandler
                0x00000000080031f4                OTG_FS_IRQHandler
                0x00000000080031f4                SPI3_IRQHandler
                0x00000000080031f4                DMA1_Stream4_IRQHandler
                0x00000000080031f4                I2C1_ER_IRQHandler
                0x00000000080031f4                DMA2_Stream6_IRQHandler
                0x00000000080031f4                DMA1_Stream3_IRQHandler
 *fill*         0x00000000080031f6        0x2 
 .text.HAL_Init
                0x00000000080031f8       0x44 ./Drivers/STM32F4xx_HAL_Driver/Src/stm32f4xx_hal.o
                0x00000000080031f8                HAL_Init
 .text.HAL_InitTick
                0x000000000800323c       0x60 ./Drivers/STM32F4xx_HAL_Driver/Src/stm32f4xx_hal.o
                0x000000000800323c                HAL_InitTick
 .text.HAL_IncTick
                0x000000000800329c       0x28 ./Drivers/STM32F4xx_HAL_Driver/Src/stm32f4xx_hal.o
                0x000000000800329c                HAL_IncTick
 .text.HAL_GetTick
                0x00000000080032c4       0x18 ./Drivers/STM32F4xx_HAL_Driver/Src/stm32f4xx_hal.o
                0x00000000080032c4                HAL_GetTick
 .text.HAL_Delay
                0x00000000080032dc       0x48 ./Drivers/STM32F4xx_HAL_Driver/Src/stm32f4xx_hal.o
                0x00000000080032dc                HAL_Delay
 .text.__NVIC_SetPriorityGrouping
                0x0000000008003324       0x48 ./Drivers/STM32F4xx_HAL_Driver/Src/stm32f4xx_hal_cortex.o
 .text.__NVIC_GetPriorityGrouping
                0x000000000800336c       0x1c ./Drivers/STM32F4xx_HAL_Driver/Src/stm32f4xx_hal_cortex.o
 .text.__NVIC_EnableIRQ
                0x0000000008003388       0x3c ./Drivers/STM32F4xx_HAL_Driver/Src/stm32f4xx_hal_cortex.o
 .text.__NVIC_SetPriority
                0x00000000080033c4       0x54 ./Drivers/STM32F4xx_HAL_Driver/Src/stm32f4xx_hal_cortex.o
 .text.NVIC_EncodePriority
                0x0000000008003418       0x66 ./Drivers/STM32F4xx_HAL_Driver/Src/stm32f4xx_hal_cortex.o
 *fill*         0x000000000800347e        0x2 
 .text.SysTick_Config
                0x0000000008003480       0x44 ./Drivers/STM32F4xx_HAL_Driver/Src/stm32f4xx_hal_cortex.o
 .text.HAL_NVIC_SetPriorityGrouping
                0x00000000080034c4       0x16 ./Drivers/STM32F4xx_HAL_Driver/Src/stm32f4xx_hal_cortex.o
                0x00000000080034c4                HAL_NVIC_SetPriorityGrouping
 .text.HAL_NVIC_SetPriority
                0x00000000080034da       0x38 ./Drivers/STM32F4xx_HAL_Driver/Src/stm32f4xx_hal_cortex.o
                0x00000000080034da                HAL_NVIC_SetPriority
 .text.HAL_NVIC_EnableIRQ
                0x0000000008003512       0x1c ./Drivers/STM32F4xx_HAL_Driver/Src/stm32f4xx_hal_cortex.o
                0x0000000008003512                HAL_NVIC_EnableIRQ
 .text.HAL_SYSTICK_Config
                0x000000000800352e       0x18 ./Drivers/STM32F4xx_HAL_Driver/Src/stm32f4xx_hal_cortex.o
                0x000000000800352e                HAL_SYSTICK_Config
 *fill*         0x0000000008003546        0x2 
 .text.HAL_DMA_Init
                0x0000000008003548      0x15c ./Drivers/STM32F4xx_HAL_Driver/Src/stm32f4xx_hal_dma.o
                0x0000000008003548                HAL_DMA_Init
 .text.HAL_DMA_Abort
                0x00000000080036a4       0xe0 ./Drivers/STM32F4xx_HAL_Driver/Src/stm32f4xx_hal_dma.o
                0x00000000080036a4                HAL_DMA_Abort
 .text.HAL_DMA_Abort_IT
                0x0000000008003784       0x44 ./Drivers/STM32F4xx_HAL_Driver/Src/stm32f4xx_hal_dma.o
                0x0000000008003784                HAL_DMA_Abort_IT
 .text.HAL_DMA_IRQHandler
                0x00000000080037c8      0x314 ./Drivers/STM32F4xx_HAL_Driver/Src/stm32f4xx_hal_dma.o
                0x00000000080037c8                HAL_DMA_IRQHandler
 .text.DMA_CalcBaseAndBitshift
                0x0000000008003adc       0x6c ./Drivers/STM32F4xx_HAL_Driver/Src/stm32f4xx_hal_dma.o
 .text.DMA_CheckFifoParam
                0x0000000008003b48       0xf8 ./Drivers/STM32F4xx_HAL_Driver/Src/stm32f4xx_hal_dma.o
 .text.HAL_GPIO_Init
                0x0000000008003c40      0x308 ./Drivers/STM32F4xx_HAL_Driver/Src/stm32f4xx_hal_gpio.o
                0x0000000008003c40                HAL_GPIO_Init
 .text.HAL_GPIO_WritePin
                0x0000000008003f48       0x32 ./Drivers/STM32F4xx_HAL_Driver/Src/stm32f4xx_hal_gpio.o
                0x0000000008003f48                HAL_GPIO_WritePin
 .text.HAL_GPIO_TogglePin
                0x0000000008003f7a       0x34 ./Drivers/STM32F4xx_HAL_Driver/Src/stm32f4xx_hal_gpio.o
                0x0000000008003f7a                HAL_GPIO_TogglePin
 *fill*         0x0000000008003fae        0x2 
 .text.HAL_GPIO_EXTI_IRQHandler
                0x0000000008003fb0       0x30 ./Drivers/STM32F4xx_HAL_Driver/Src/stm32f4xx_hal_gpio.o
                0x0000000008003fb0                HAL_GPIO_EXTI_IRQHandler
 .text.HAL_I2C_Init
                0x0000000008003fe0      0x288 ./Drivers/STM32F4xx_HAL_Driver/Src/stm32f4xx_hal_i2c.o
                0x0000000008003fe0                HAL_I2C_Init
 .text.HAL_I2C_Mem_Write
                0x0000000008004268      0x1f4 ./Drivers/STM32F4xx_HAL_Driver/Src/stm32f4xx_hal_i2c.o
                0x0000000008004268                HAL_I2C_Mem_Write
 .text.HAL_I2C_Mem_Read
                0x000000000800445c      0x44c ./Drivers/STM32F4xx_HAL_Driver/Src/stm32f4xx_hal_i2c.o
                0x000000000800445c                HAL_I2C_Mem_Read
 .text.I2C_RequestMemoryWrite
                0x00000000080048a8      0x12c ./Drivers/STM32F4xx_HAL_Driver/Src/stm32f4xx_hal_i2c.o
 .text.I2C_RequestMemoryRead
                0x00000000080049d4      0x1d0 ./Drivers/STM32F4xx_HAL_Driver/Src/stm32f4xx_hal_i2c.o
 .text.I2C_WaitOnFlagUntilTimeout
                0x0000000008004ba4       0xae ./Drivers/STM32F4xx_HAL_Driver/Src/stm32f4xx_hal_i2c.o
 .text.I2C_WaitOnMasterAddressFlagUntilTimeout
                0x0000000008004c52       0xfe ./Drivers/STM32F4xx_HAL_Driver/Src/stm32f4xx_hal_i2c.o
 .text.I2C_WaitOnTXEFlagUntilTimeout
                0x0000000008004d50       0x82 ./Drivers/STM32F4xx_HAL_Driver/Src/stm32f4xx_hal_i2c.o
 .text.I2C_WaitOnBTFFlagUntilTimeout
                0x0000000008004dd2       0x82 ./Drivers/STM32F4xx_HAL_Driver/Src/stm32f4xx_hal_i2c.o
 .text.I2C_WaitOnRXNEFlagUntilTimeout
                0x0000000008004e54       0xac ./Drivers/STM32F4xx_HAL_Driver/Src/stm32f4xx_hal_i2c.o
 .text.I2C_IsAcknowledgeFailed
                0x0000000008004f00       0x5e ./Drivers/STM32F4xx_HAL_Driver/Src/stm32f4xx_hal_i2c.o
 *fill*         0x0000000008004f5e        0x2 
 .text.HAL_RCC_OscConfig
                0x0000000008004f60      0x4f0 ./Drivers/STM32F4xx_HAL_Driver/Src/stm32f4xx_hal_rcc.o
                0x0000000008004f60                HAL_RCC_OscConfig
 .text.HAL_RCC_ClockConfig
                0x0000000008005450      0x1cc ./Drivers/STM32F4xx_HAL_Driver/Src/stm32f4xx_hal_rcc.o
                0x0000000008005450                HAL_RCC_ClockConfig
 .text.HAL_RCC_GetSysClockFreq
                0x000000000800561c      0x18c ./Drivers/STM32F4xx_HAL_Driver/Src/stm32f4xx_hal_rcc.o
                0x000000000800561c                HAL_RCC_GetSysClockFreq
 .text.HAL_RCC_GetHCLKFreq
                0x00000000080057a8       0x18 ./Drivers/STM32F4xx_HAL_Driver/Src/stm32f4xx_hal_rcc.o
                0x00000000080057a8                HAL_RCC_GetHCLKFreq
 .text.HAL_RCC_GetPCLK1Freq
                0x00000000080057c0       0x28 ./Drivers/STM32F4xx_HAL_Driver/Src/stm32f4xx_hal_rcc.o
                0x00000000080057c0                HAL_RCC_GetPCLK1Freq
 .text.HAL_RCC_GetPCLK2Freq
                0x00000000080057e8       0x28 ./Drivers/STM32F4xx_HAL_Driver/Src/stm32f4xx_hal_rcc.o
                0x00000000080057e8                HAL_RCC_GetPCLK2Freq
 .text.HAL_TIM_Base_Init
                0x0000000008005810       0x9e ./Drivers/STM32F4xx_HAL_Driver/Src/stm32f4xx_hal_tim.o
                0x0000000008005810                HAL_TIM_Base_Init
 *fill*         0x00000000080058ae        0x2 
 .text.HAL_TIM_Base_Start
                0x00000000080058b0       0xb4 ./Drivers/STM32F4xx_HAL_Driver/Src/stm32f4xx_hal_tim.o
                0x00000000080058b0                HAL_TIM_Base_Start
 .text.HAL_TIM_PWM_Init
                0x0000000008005964       0x9e ./Drivers/STM32F4xx_HAL_Driver/Src/stm32f4xx_hal_tim.o
                0x0000000008005964                HAL_TIM_PWM_Init
 .text.HAL_TIM_PWM_MspInit
                0x0000000008005a02       0x14 ./Drivers/STM32F4xx_HAL_Driver/Src/stm32f4xx_hal_tim.o
                0x0000000008005a02                HAL_TIM_PWM_MspInit
 *fill*         0x0000000008005a16        0x2 
 .text.HAL_TIM_PWM_Start
                0x0000000008005a18      0x160 ./Drivers/STM32F4xx_HAL_Driver/Src/stm32f4xx_hal_tim.o
                0x0000000008005a18                HAL_TIM_PWM_Start
 .text.HAL_TIM_IRQHandler
                0x0000000008005b78      0x210 ./Drivers/STM32F4xx_HAL_Driver/Src/stm32f4xx_hal_tim.o
                0x0000000008005b78                HAL_TIM_IRQHandler
 .text.HAL_TIM_PWM_ConfigChannel
                0x0000000008005d88      0x184 ./Drivers/STM32F4xx_HAL_Driver/Src/stm32f4xx_hal_tim.o
                0x0000000008005d88                HAL_TIM_PWM_ConfigChannel
 .text.HAL_TIM_ConfigClockSource
                0x0000000008005f0c      0x18e ./Drivers/STM32F4xx_HAL_Driver/Src/stm32f4xx_hal_tim.o
                0x0000000008005f0c                HAL_TIM_ConfigClockSource
 .text.HAL_TIM_PeriodElapsedCallback
                0x000000000800609a       0x14 ./Drivers/STM32F4xx_HAL_Driver/Src/stm32f4xx_hal_tim.o
                0x000000000800609a                HAL_TIM_PeriodElapsedCallback
 .text.HAL_TIM_OC_DelayElapsedCallback
                0x00000000080060ae       0x14 ./Drivers/STM32F4xx_HAL_Driver/Src/stm32f4xx_hal_tim.o
                0x00000000080060ae                HAL_TIM_OC_DelayElapsedCallback
 .text.HAL_TIM_IC_CaptureCallback
                0x00000000080060c2       0x14 ./Drivers/STM32F4xx_HAL_Driver/Src/stm32f4xx_hal_tim.o
                0x00000000080060c2                HAL_TIM_IC_CaptureCallback
 .text.HAL_TIM_PWM_PulseFinishedCallback
                0x00000000080060d6       0x14 ./Drivers/STM32F4xx_HAL_Driver/Src/stm32f4xx_hal_tim.o
                0x00000000080060d6                HAL_TIM_PWM_PulseFinishedCallback
 .text.HAL_TIM_TriggerCallback
                0x00000000080060ea       0x14 ./Drivers/STM32F4xx_HAL_Driver/Src/stm32f4xx_hal_tim.o
                0x00000000080060ea                HAL_TIM_TriggerCallback
 *fill*         0x00000000080060fe        0x2 
 .text.TIM_Base_SetConfig
                0x0000000008006100      0x100 ./Drivers/STM32F4xx_HAL_Driver/Src/stm32f4xx_hal_tim.o
                0x0000000008006100                TIM_Base_SetConfig
 .text.TIM_OC1_SetConfig
                0x0000000008006200       0xcc ./Drivers/STM32F4xx_HAL_Driver/Src/stm32f4xx_hal_tim.o
 .text.TIM_OC2_SetConfig
                0x00000000080062cc       0xd8 ./Drivers/STM32F4xx_HAL_Driver/Src/stm32f4xx_hal_tim.o
                0x00000000080062cc                TIM_OC2_SetConfig
 .text.TIM_OC3_SetConfig
                0x00000000080063a4       0xd4 ./Drivers/STM32F4xx_HAL_Driver/Src/stm32f4xx_hal_tim.o
 .text.TIM_OC4_SetConfig
                0x0000000008006478       0xa0 ./Drivers/STM32F4xx_HAL_Driver/Src/stm32f4xx_hal_tim.o
 .text.TIM_TI1_ConfigInputStage
                0x0000000008006518       0x5e ./Drivers/STM32F4xx_HAL_Driver/Src/stm32f4xx_hal_tim.o
 .text.TIM_TI2_ConfigInputStage
                0x0000000008006576       0x60 ./Drivers/STM32F4xx_HAL_Driver/Src/stm32f4xx_hal_tim.o
 .text.TIM_ITRx_SetConfig
                0x00000000080065d6       0x36 ./Drivers/STM32F4xx_HAL_Driver/Src/stm32f4xx_hal_tim.o
 .text.TIM_ETR_SetConfig
                0x000000000800660c       0x40 ./Drivers/STM32F4xx_HAL_Driver/Src/stm32f4xx_hal_tim.o
                0x000000000800660c                TIM_ETR_SetConfig
 .text.TIM_CCxChannelCmd
                0x000000000800664c       0x4a ./Drivers/STM32F4xx_HAL_Driver/Src/stm32f4xx_hal_tim.o
                0x000000000800664c                TIM_CCxChannelCmd
 *fill*         0x0000000008006696        0x2 
 .text.HAL_TIMEx_MasterConfigSynchronization
                0x0000000008006698       0xdc ./Drivers/STM32F4xx_HAL_Driver/Src/stm32f4xx_hal_tim_ex.o
                0x0000000008006698                HAL_TIMEx_MasterConfigSynchronization
 .text.HAL_TIMEx_CommutCallback
                0x0000000008006774       0x14 ./Drivers/STM32F4xx_HAL_Driver/Src/stm32f4xx_hal_tim_ex.o
                0x0000000008006774                HAL_TIMEx_CommutCallback
 .text.HAL_TIMEx_BreakCallback
                0x0000000008006788       0x14 ./Drivers/STM32F4xx_HAL_Driver/Src/stm32f4xx_hal_tim_ex.o
                0x0000000008006788                HAL_TIMEx_BreakCallback
 .text.HAL_UART_Init
                0x000000000800679c       0x9a ./Drivers/STM32F4xx_HAL_Driver/Src/stm32f4xx_hal_uart.o
                0x000000000800679c                HAL_UART_Init
 *fill*         0x0000000008006836        0x2 
 .text.HAL_UART_IRQHandler
                0x0000000008006838      0x51c ./Drivers/STM32F4xx_HAL_Driver/Src/stm32f4xx_hal_uart.o
                0x0000000008006838                HAL_UART_IRQHandler
 .text.HAL_UART_TxCpltCallback
                0x0000000008006d54       0x14 ./Drivers/STM32F4xx_HAL_Driver/Src/stm32f4xx_hal_uart.o
                0x0000000008006d54                HAL_UART_TxCpltCallback
 .text.HAL_UART_RxCpltCallback
                0x0000000008006d68       0x14 ./Drivers/STM32F4xx_HAL_Driver/Src/stm32f4xx_hal_uart.o
                0x0000000008006d68                HAL_UART_RxCpltCallback
 .text.HAL_UART_ErrorCallback
                0x0000000008006d7c       0x14 ./Drivers/STM32F4xx_HAL_Driver/Src/stm32f4xx_hal_uart.o
                0x0000000008006d7c                HAL_UART_ErrorCallback
 .text.HAL_UARTEx_RxEventCallback
                0x0000000008006d90       0x18 ./Drivers/STM32F4xx_HAL_Driver/Src/stm32f4xx_hal_uart.o
                0x0000000008006d90                HAL_UARTEx_RxEventCallback
 .text.UART_EndRxTransfer
                0x0000000008006da8       0xc6 ./Drivers/STM32F4xx_HAL_Driver/Src/stm32f4xx_hal_uart.o
 .text.UART_DMAAbortOnError
                0x0000000008006e6e       0x28 ./Drivers/STM32F4xx_HAL_Driver/Src/stm32f4xx_hal_uart.o
 .text.UART_Transmit_IT
                0x0000000008006e96       0xa0 ./Drivers/STM32F4xx_HAL_Driver/Src/stm32f4xx_hal_uart.o
 .text.UART_EndTransmit_IT
                0x0000000008006f36       0x30 ./Drivers/STM32F4xx_HAL_Driver/Src/stm32f4xx_hal_uart.o
 .text.UART_Receive_IT
                0x0000000008006f66      0x176 ./Drivers/STM32F4xx_HAL_Driver/Src/stm32f4xx_hal_uart.o
 .text.UART_SetConfig
                0x00000000080070dc      0x4e8 ./Drivers/STM32F4xx_HAL_Driver/Src/stm32f4xx_hal_uart.o
 .text.__errno  0x00000000080075c4        0xc c:/st/stm32cubeide_1.11.2/stm32cubeide/plugins/com.st.stm32cube.ide.mcu.externaltools.gnu-tools-for-stm32.10.3-2021.10.win32_1.0.200.202301161003/tools/bin/../lib/gcc/arm-none-eabi/10.3.1/../../../../arm-none-eabi/lib/thumb/v7e-m+fp/hard\libc_nano.a(lib_a-errno.o)
                0x00000000080075c4                __errno
 .text.__libc_init_array
                0x00000000080075d0       0x48 c:/st/stm32cubeide_1.11.2/stm32cubeide/plugins/com.st.stm32cube.ide.mcu.externaltools.gnu-tools-for-stm32.10.3-2021.10.win32_1.0.200.202301161003/tools/bin/../lib/gcc/arm-none-eabi/10.3.1/../../../../arm-none-eabi/lib/thumb/v7e-m+fp/hard\libc_nano.a(lib_a-init.o)
                0x00000000080075d0                __libc_init_array
 .text.memset   0x0000000008007618       0x10 c:/st/stm32cubeide_1.11.2/stm32cubeide/plugins/com.st.stm32cube.ide.mcu.externaltools.gnu-tools-for-stm32.10.3-2021.10.win32_1.0.200.202301161003/tools/bin/../lib/gcc/arm-none-eabi/10.3.1/../../../../arm-none-eabi/lib/thumb/v7e-m+fp/hard\libc_nano.a(lib_a-memset.o)
                0x0000000008007618                memset
 .text.sin      0x0000000008007628       0xb0 c:/st/stm32cubeide_1.11.2/stm32cubeide/plugins/com.st.stm32cube.ide.mcu.externaltools.gnu-tools-for-stm32.10.3-2021.10.win32_1.0.200.202301161003/tools/bin/../lib/gcc/arm-none-eabi/10.3.1/../../../../arm-none-eabi/lib/thumb/v7e-m+fp/hard\libm.a(lib_a-s_sin.o)
                0x0000000008007628                sin
 .text.asin     0x00000000080076d8       0x68 c:/st/stm32cubeide_1.11.2/stm32cubeide/plugins/com.st.stm32cube.ide.mcu.externaltools.gnu-tools-for-stm32.10.3-2021.10.win32_1.0.200.202301161003/tools/bin/../lib/gcc/arm-none-eabi/10.3.1/../../../../arm-none-eabi/lib/thumb/v7e-m+fp/hard\libm.a(lib_a-w_asin.o)
                0x00000000080076d8                asin
 .text.sqrt     0x0000000008007740       0x58 c:/st/stm32cubeide_1.11.2/stm32cubeide/plugins/com.st.stm32cube.ide.mcu.externaltools.gnu-tools-for-stm32.10.3-2021.10.win32_1.0.200.202301161003/tools/bin/../lib/gcc/arm-none-eabi/10.3.1/../../../../arm-none-eabi/lib/thumb/v7e-m+fp/hard\libm.a(lib_a-w_sqrt.o)
                0x0000000008007740                sqrt
 .text.__ieee754_asin
                0x0000000008007798      0x428 c:/st/stm32cubeide_1.11.2/stm32cubeide/plugins/com.st.stm32cube.ide.mcu.externaltools.gnu-tools-for-stm32.10.3-2021.10.win32_1.0.200.202301161003/tools/bin/../lib/gcc/arm-none-eabi/10.3.1/../../../../arm-none-eabi/lib/thumb/v7e-m+fp/hard\libm.a(lib_a-e_asin.o)
                0x0000000008007798                __ieee754_asin
 .text.__ieee754_rem_pio2
                0x0000000008007bc0      0x418 c:/st/stm32cubeide_1.11.2/stm32cubeide/plugins/com.st.stm32cube.ide.mcu.externaltools.gnu-tools-for-stm32.10.3-2021.10.win32_1.0.200.202301161003/tools/bin/../lib/gcc/arm-none-eabi/10.3.1/../../../../arm-none-eabi/lib/thumb/v7e-m+fp/hard\libm.a(lib_a-e_rem_pio2.o)
                0x0000000008007bc0                __ieee754_rem_pio2
 .text.__ieee754_sqrt
                0x0000000008007fd8      0x164 c:/st/stm32cubeide_1.11.2/stm32cubeide/plugins/com.st.stm32cube.ide.mcu.externaltools.gnu-tools-for-stm32.10.3-2021.10.win32_1.0.200.202301161003/tools/bin/../lib/gcc/arm-none-eabi/10.3.1/../../../../arm-none-eabi/lib/thumb/v7e-m+fp/hard\libm.a(lib_a-e_sqrt.o)
                0x0000000008007fd8                __ieee754_sqrt
 *fill*         0x000000000800813c        0x4 
 .text.__kernel_cos
                0x0000000008008140      0x18c c:/st/stm32cubeide_1.11.2/stm32cubeide/plugins/com.st.stm32cube.ide.mcu.externaltools.gnu-tools-for-stm32.10.3-2021.10.win32_1.0.200.202301161003/tools/bin/../lib/gcc/arm-none-eabi/10.3.1/../../../../arm-none-eabi/lib/thumb/v7e-m+fp/hard\libm.a(lib_a-k_cos.o)
                0x0000000008008140                __kernel_cos
 *fill*         0x00000000080082cc        0x4 
 .text.__kernel_rem_pio2
                0x00000000080082d0      0x69c c:/st/stm32cubeide_1.11.2/stm32cubeide/plugins/com.st.stm32cube.ide.mcu.externaltools.gnu-tools-for-stm32.10.3-2021.10.win32_1.0.200.202301161003/tools/bin/../lib/gcc/arm-none-eabi/10.3.1/../../../../arm-none-eabi/lib/thumb/v7e-m+fp/hard\libm.a(lib_a-k_rem_pio2.o)
                0x00000000080082d0                __kernel_rem_pio2
 *fill*         0x000000000800896c        0x4 
 .text.__kernel_sin
                0x0000000008008970      0x17c c:/st/stm32cubeide_1.11.2/stm32cubeide/plugins/com.st.stm32cube.ide.mcu.externaltools.gnu-tools-for-stm32.10.3-2021.10.win32_1.0.200.202301161003/tools/bin/../lib/gcc/arm-none-eabi/10.3.1/../../../../arm-none-eabi/lib/thumb/v7e-m+fp/hard\libm.a(lib_a-k_sin.o)
                0x0000000008008970                __kernel_sin
 .text.fabs     0x0000000008008aec       0x12 c:/st/stm32cubeide_1.11.2/stm32cubeide/plugins/com.st.stm32cube.ide.mcu.externaltools.gnu-tools-for-stm32.10.3-2021.10.win32_1.0.200.202301161003/tools/bin/../lib/gcc/arm-none-eabi/10.3.1/../../../../arm-none-eabi/lib/thumb/v7e-m+fp/hard\libm.a(lib_a-s_fabs.o)
                0x0000000008008aec                fabs
 *fill*         0x0000000008008afe        0x2 
 .text.floor    0x0000000008008b00      0x100 c:/st/stm32cubeide_1.11.2/stm32cubeide/plugins/com.st.stm32cube.ide.mcu.externaltools.gnu-tools-for-stm32.10.3-2021.10.win32_1.0.200.202301161003/tools/bin/../lib/gcc/arm-none-eabi/10.3.1/../../../../arm-none-eabi/lib/thumb/v7e-m+fp/hard\libm.a(lib_a-s_floor.o)
                0x0000000008008b00                floor
 .text.nan      0x0000000008008c00       0x10 c:/st/stm32cubeide_1.11.2/stm32cubeide/plugins/com.st.stm32cube.ide.mcu.externaltools.gnu-tools-for-stm32.10.3-2021.10.win32_1.0.200.202301161003/tools/bin/../lib/gcc/arm-none-eabi/10.3.1/../../../../arm-none-eabi/lib/thumb/v7e-m+fp/hard\libm.a(lib_a-s_nan.o)
                0x0000000008008c00                nan
 .text.scalbn   0x0000000008008c10      0x10c c:/st/stm32cubeide_1.11.2/stm32cubeide/plugins/com.st.stm32cube.ide.mcu.externaltools.gnu-tools-for-stm32.10.3-2021.10.win32_1.0.200.202301161003/tools/bin/../lib/gcc/arm-none-eabi/10.3.1/../../../../arm-none-eabi/lib/thumb/v7e-m+fp/hard\libm.a(lib_a-s_scalbn.o)
                0x0000000008008c10                scalbn
 *(.glue_7)
 .glue_7        0x0000000008008d1c        0x0 linker stubs
 *(.glue_7t)
 .glue_7t       0x0000000008008d1c        0x0 linker stubs
 *(.eh_frame)
 .eh_frame      0x0000000008008d1c        0x0 c:/st/stm32cubeide_1.11.2/stm32cubeide/plugins/com.st.stm32cube.ide.mcu.externaltools.gnu-tools-for-stm32.10.3-2021.10.win32_1.0.200.202301161003/tools/bin/../lib/gcc/arm-none-eabi/10.3.1/thumb/v7e-m+fp/hard/crtbegin.o
 *(.init)
 .init          0x0000000008008d1c        0x4 c:/st/stm32cubeide_1.11.2/stm32cubeide/plugins/com.st.stm32cube.ide.mcu.externaltools.gnu-tools-for-stm32.10.3-2021.10.win32_1.0.200.202301161003/tools/bin/../lib/gcc/arm-none-eabi/10.3.1/thumb/v7e-m+fp/hard/crti.o
                0x0000000008008d1c                _init
 .init          0x0000000008008d20        0x8 c:/st/stm32cubeide_1.11.2/stm32cubeide/plugins/com.st.stm32cube.ide.mcu.externaltools.gnu-tools-for-stm32.10.3-2021.10.win32_1.0.200.202301161003/tools/bin/../lib/gcc/arm-none-eabi/10.3.1/thumb/v7e-m+fp/hard/crtn.o
 *(.fini)
 .fini          0x0000000008008d28        0x4 c:/st/stm32cubeide_1.11.2/stm32cubeide/plugins/com.st.stm32cube.ide.mcu.externaltools.gnu-tools-for-stm32.10.3-2021.10.win32_1.0.200.202301161003/tools/bin/../lib/gcc/arm-none-eabi/10.3.1/thumb/v7e-m+fp/hard/crti.o
                0x0000000008008d28                _fini
 .fini          0x0000000008008d2c        0x8 c:/st/stm32cubeide_1.11.2/stm32cubeide/plugins/com.st.stm32cube.ide.mcu.externaltools.gnu-tools-for-stm32.10.3-2021.10.win32_1.0.200.202301161003/tools/bin/../lib/gcc/arm-none-eabi/10.3.1/thumb/v7e-m+fp/hard/crtn.o
                0x0000000008008d34                . = ALIGN (0x4)
                0x0000000008008d34                _etext = .

.vfp11_veneer   0x0000000008008d34        0x0
 .vfp11_veneer  0x0000000008008d34        0x0 linker stubs

.v4_bx          0x0000000008008d34        0x0
 .v4_bx         0x0000000008008d34        0x0 linker stubs

.iplt           0x0000000008008d34        0x0
 .iplt          0x0000000008008d34        0x0 c:/st/stm32cubeide_1.11.2/stm32cubeide/plugins/com.st.stm32cube.ide.mcu.externaltools.gnu-tools-for-stm32.10.3-2021.10.win32_1.0.200.202301161003/tools/bin/../lib/gcc/arm-none-eabi/10.3.1/thumb/v7e-m+fp/hard/crtbegin.o

.rodata         0x0000000008008d38      0x200
                0x0000000008008d38                . = ALIGN (0x4)
 *(.rodata)
 *(.rodata*)
 .rodata.AHBPrescTable
                0x0000000008008d38       0x10 ./Core/Src/system_stm32f4xx.o
                0x0000000008008d38                AHBPrescTable
 .rodata.APBPrescTable
                0x0000000008008d48        0x8 ./Core/Src/system_stm32f4xx.o
                0x0000000008008d48                APBPrescTable
 .rodata.flagBitshiftOffset.0
                0x0000000008008d50        0x8 ./Drivers/STM32F4xx_HAL_Driver/Src/stm32f4xx_hal_dma.o
 .rodata.asin.str1.1
                0x0000000008008d58        0x1 c:/st/stm32cubeide_1.11.2/stm32cubeide/plugins/com.st.stm32cube.ide.mcu.externaltools.gnu-tools-for-stm32.10.3-2021.10.win32_1.0.200.202301161003/tools/bin/../lib/gcc/arm-none-eabi/10.3.1/../../../../arm-none-eabi/lib/thumb/v7e-m+fp/hard\libm.a(lib_a-w_asin.o)
 *fill*         0x0000000008008d59        0x3 
 .rodata.npio2_hw
                0x0000000008008d5c       0x80 c:/st/stm32cubeide_1.11.2/stm32cubeide/plugins/com.st.stm32cube.ide.mcu.externaltools.gnu-tools-for-stm32.10.3-2021.10.win32_1.0.200.202301161003/tools/bin/../lib/gcc/arm-none-eabi/10.3.1/../../../../arm-none-eabi/lib/thumb/v7e-m+fp/hard\libm.a(lib_a-e_rem_pio2.o)
 .rodata.two_over_pi
                0x0000000008008ddc      0x108 c:/st/stm32cubeide_1.11.2/stm32cubeide/plugins/com.st.stm32cube.ide.mcu.externaltools.gnu-tools-for-stm32.10.3-2021.10.win32_1.0.200.202301161003/tools/bin/../lib/gcc/arm-none-eabi/10.3.1/../../../../arm-none-eabi/lib/thumb/v7e-m+fp/hard\libm.a(lib_a-e_rem_pio2.o)
 *fill*         0x0000000008008ee4        0x4 
 .rodata.PIo2   0x0000000008008ee8       0x40 c:/st/stm32cubeide_1.11.2/stm32cubeide/plugins/com.st.stm32cube.ide.mcu.externaltools.gnu-tools-for-stm32.10.3-2021.10.win32_1.0.200.202301161003/tools/bin/../lib/gcc/arm-none-eabi/10.3.1/../../../../arm-none-eabi/lib/thumb/v7e-m+fp/hard\libm.a(lib_a-k_rem_pio2.o)
 .rodata.init_jk
                0x0000000008008f28       0x10 c:/st/stm32cubeide_1.11.2/stm32cubeide/plugins/com.st.stm32cube.ide.mcu.externaltools.gnu-tools-for-stm32.10.3-2021.10.win32_1.0.200.202301161003/tools/bin/../lib/gcc/arm-none-eabi/10.3.1/../../../../arm-none-eabi/lib/thumb/v7e-m+fp/hard\libm.a(lib_a-k_rem_pio2.o)
                0x0000000008008f38                . = ALIGN (0x4)

.ARM.extab      0x0000000008008f38        0x0
                0x0000000008008f38                . = ALIGN (0x4)
 *(.ARM.extab* .gnu.linkonce.armextab.*)
                0x0000000008008f38                . = ALIGN (0x4)

.ARM            0x0000000008008f38        0x8
                0x0000000008008f38                . = ALIGN (0x4)
                0x0000000008008f38                __exidx_start = .
 *(.ARM.exidx*)
 .ARM.exidx     0x0000000008008f38        0x8 c:/st/stm32cubeide_1.11.2/stm32cubeide/plugins/com.st.stm32cube.ide.mcu.externaltools.gnu-tools-for-stm32.10.3-2021.10.win32_1.0.200.202301161003/tools/bin/../lib/gcc/arm-none-eabi/10.3.1/thumb/v7e-m+fp/hard\libgcc.a(_udivmoddi4.o)
                0x0000000008008f40                __exidx_end = .
                0x0000000008008f40                . = ALIGN (0x4)

.rel.dyn        0x0000000008008f40        0x0
 .rel.iplt      0x0000000008008f40        0x0 c:/st/stm32cubeide_1.11.2/stm32cubeide/plugins/com.st.stm32cube.ide.mcu.externaltools.gnu-tools-for-stm32.10.3-2021.10.win32_1.0.200.202301161003/tools/bin/../lib/gcc/arm-none-eabi/10.3.1/thumb/v7e-m+fp/hard/crtbegin.o

.preinit_array  0x0000000008008f40        0x0
                0x0000000008008f40                . = ALIGN (0x4)
                0x0000000008008f40                PROVIDE (__preinit_array_start = .)
 *(.preinit_array*)
                0x0000000008008f40                PROVIDE (__preinit_array_end = .)
                0x0000000008008f40                . = ALIGN (0x4)

.init_array     0x0000000008008f40        0x4
                0x0000000008008f40                . = ALIGN (0x4)
                0x0000000008008f40                PROVIDE (__init_array_start = .)
 *(SORT_BY_NAME(.init_array.*))
 *(.init_array*)
 .init_array    0x0000000008008f40        0x4 c:/st/stm32cubeide_1.11.2/stm32cubeide/plugins/com.st.stm32cube.ide.mcu.externaltools.gnu-tools-for-stm32.10.3-2021.10.win32_1.0.200.202301161003/tools/bin/../lib/gcc/arm-none-eabi/10.3.1/thumb/v7e-m+fp/hard/crtbegin.o
                0x0000000008008f44                PROVIDE (__init_array_end = .)
                0x0000000008008f44                . = ALIGN (0x4)

.fini_array     0x0000000008008f44        0x4
                0x0000000008008f44                . = ALIGN (0x4)
                [!provide]                        PROVIDE (__fini_array_start = .)
 *(SORT_BY_NAME(.fini_array.*))
 *(.fini_array*)
 .fini_array    0x0000000008008f44        0x4 c:/st/stm32cubeide_1.11.2/stm32cubeide/plugins/com.st.stm32cube.ide.mcu.externaltools.gnu-tools-for-stm32.10.3-2021.10.win32_1.0.200.202301161003/tools/bin/../lib/gcc/arm-none-eabi/10.3.1/thumb/v7e-m+fp/hard/crtbegin.o
                [!provide]                        PROVIDE (__fini_array_end = .)
                0x0000000008008f48                . = ALIGN (0x4)
                0x0000000008008f48                _sidata = LOADADDR (.data)

.data           0x0000000020000000       0xb8 load address 0x0000000008008f48
                0x0000000020000000                . = ALIGN (0x4)
                0x0000000020000000                _sdata = .
 *(.data)
 *(.data*)
 .data.pid_p_gain_roll
                0x0000000020000000        0x4 ./Core/Src/main.o
                0x0000000020000000                pid_p_gain_roll
 .data.pid_i_gain_roll
                0x0000000020000004        0x4 ./Core/Src/main.o
                0x0000000020000004                pid_i_gain_roll
 .data.pid_d_gain_roll
                0x0000000020000008        0x4 ./Core/Src/main.o
                0x0000000020000008                pid_d_gain_roll
 .data.pid_p_gain_pitch
                0x000000002000000c        0x4 ./Core/Src/main.o
                0x000000002000000c                pid_p_gain_pitch
 .data.pid_i_gain_pitch
                0x0000000020000010        0x4 ./Core/Src/main.o
                0x0000000020000010                pid_i_gain_pitch
 .data.pid_d_gain_pitch
                0x0000000020000014        0x4 ./Core/Src/main.o
                0x0000000020000014                pid_d_gain_pitch
 .data.pid_p_gain_yaw
                0x0000000020000018        0x4 ./Core/Src/main.o
                0x0000000020000018                pid_p_gain_yaw
 .data.pid_max_roll
                0x000000002000001c        0x4 ./Core/Src/main.o
                0x000000002000001c                pid_max_roll
 .data.pid_max_pitch
                0x0000000020000020        0x4 ./Core/Src/main.o
                0x0000000020000020                pid_max_pitch
 .data.pid_max_yaw
                0x0000000020000024        0x4 ./Core/Src/main.o
                0x0000000020000024                pid_max_yaw
 .data.esc_1    0x0000000020000028        0x4 ./Core/Src/main.o
                0x0000000020000028                esc_1
 .data.esc_2    0x000000002000002c        0x4 ./Core/Src/main.o
                0x000000002000002c                esc_2
 .data.esc_3    0x0000000020000030        0x4 ./Core/Src/main.o
                0x0000000020000030                esc_3
 .data.esc_4    0x0000000020000034        0x4 ./Core/Src/main.o
                0x0000000020000034                esc_4
 .data.min_throthle
                0x0000000020000038        0x4 ./Core/Src/main.o
                0x0000000020000038                min_throthle
 .data.max_throthle
                0x000000002000003c        0x4 ./Core/Src/main.o
                0x000000002000003c                max_throthle
 .data.disable_motor
                0x0000000020000040        0x4 ./Core/Src/main.o
                0x0000000020000040                disable_motor
 .data.turning_speed
                0x0000000020000044        0x4 ./Core/Src/main.o
                0x0000000020000044                turning_speed
 .data.SystemCoreClock
                0x0000000020000048        0x4 ./Core/Src/system_stm32f4xx.o
                0x0000000020000048                SystemCoreClock
 .data.uwTickPrio
                0x000000002000004c        0x4 ./Drivers/STM32F4xx_HAL_Driver/Src/stm32f4xx_hal.o
                0x000000002000004c                uwTickPrio
 .data.uwTickFreq
                0x0000000020000050        0x1 ./Drivers/STM32F4xx_HAL_Driver/Src/stm32f4xx_hal.o
                0x0000000020000050                uwTickFreq
 *fill*         0x0000000020000051        0x3 
 .data._impure_ptr
                0x0000000020000054        0x4 c:/st/stm32cubeide_1.11.2/stm32cubeide/plugins/com.st.stm32cube.ide.mcu.externaltools.gnu-tools-for-stm32.10.3-2021.10.win32_1.0.200.202301161003/tools/bin/../lib/gcc/arm-none-eabi/10.3.1/../../../../arm-none-eabi/lib/thumb/v7e-m+fp/hard\libc_nano.a(lib_a-impure.o)
                0x0000000020000054                _impure_ptr
 .data.impure_data
                0x0000000020000058       0x60 c:/st/stm32cubeide_1.11.2/stm32cubeide/plugins/com.st.stm32cube.ide.mcu.externaltools.gnu-tools-for-stm32.10.3-2021.10.win32_1.0.200.202301161003/tools/bin/../lib/gcc/arm-none-eabi/10.3.1/../../../../arm-none-eabi/lib/thumb/v7e-m+fp/hard\libc_nano.a(lib_a-impure.o)
 *(.RamFunc)
 *(.RamFunc*)
                0x00000000200000b8                . = ALIGN (0x4)
                0x00000000200000b8                _edata = .

.igot.plt       0x00000000200000b8        0x0 load address 0x0000000008009000
 .igot.plt      0x00000000200000b8        0x0 c:/st/stm32cubeide_1.11.2/stm32cubeide/plugins/com.st.stm32cube.ide.mcu.externaltools.gnu-tools-for-stm32.10.3-2021.10.win32_1.0.200.202301161003/tools/bin/../lib/gcc/arm-none-eabi/10.3.1/thumb/v7e-m+fp/hard/crtbegin.o
                0x00000000200000b8                . = ALIGN (0x4)

.bss            0x00000000200000b8      0x308 load address 0x0000000008009000
                0x00000000200000b8                _sbss = .
                0x00000000200000b8                __bss_start__ = _sbss
 *(.bss)
 .bss           0x00000000200000b8       0x1c c:/st/stm32cubeide_1.11.2/stm32cubeide/plugins/com.st.stm32cube.ide.mcu.externaltools.gnu-tools-for-stm32.10.3-2021.10.win32_1.0.200.202301161003/tools/bin/../lib/gcc/arm-none-eabi/10.3.1/thumb/v7e-m+fp/hard/crtbegin.o
 *(.bss*)
 .bss.mgPerDigit
                0x00000000200000d4        0x4 ./Core/Src/HMC5883L.o
                0x00000000200000d4                mgPerDigit
 .bss.xOffset   0x00000000200000d8        0x4 ./Core/Src/HMC5883L.o
                0x00000000200000d8                xOffset
 .bss.yOffset   0x00000000200000dc        0x4 ./Core/Src/HMC5883L.o
                0x00000000200000dc                yOffset
 .bss.hi2c1     0x00000000200000e0       0x54 ./Core/Src/main.o
                0x00000000200000e0                hi2c1
 .bss.htim5     0x0000000020000134       0x48 ./Core/Src/main.o
                0x0000000020000134                htim5
 .bss.htim10    0x000000002000017c       0x48 ./Core/Src/main.o
                0x000000002000017c                htim10
 .bss.htim11    0x00000000200001c4       0x48 ./Core/Src/main.o
                0x00000000200001c4                htim11
 .bss.huart1    0x000000002000020c       0x44 ./Core/Src/main.o
                0x000000002000020c                huart1
 .bss.hdma_usart1_rx
                0x0000000020000250       0x60 ./Core/Src/main.o
                0x0000000020000250                hdma_usart1_rx
 .bss.bmp280    0x00000000200002b0       0x34 ./Core/Src/main.o
                0x00000000200002b0                bmp280
 .bss.ch        0x00000000200002e4       0x20 ./Core/Src/main.o
                0x00000000200002e4                ch
 .bss.tick      0x0000000020000304        0x4 ./Core/Src/main.o
                0x0000000020000304                tick
 .bss.pulse     0x0000000020000308        0x1 ./Core/Src/main.o
                0x0000000020000308                pulse
 *fill*         0x0000000020000309        0x3 
 .bss.receiver_input_channel_1
                0x000000002000030c        0x4 ./Core/Src/main.o
                0x000000002000030c                receiver_input_channel_1
 .bss.receiver_input_channel_2
                0x0000000020000310        0x4 ./Core/Src/main.o
                0x0000000020000310                receiver_input_channel_2
 .bss.receiver_input_channel_3
                0x0000000020000314        0x4 ./Core/Src/main.o
                0x0000000020000314                receiver_input_channel_3
 .bss.receiver_input_channel_4
                0x0000000020000318        0x4 ./Core/Src/main.o
                0x0000000020000318                receiver_input_channel_4
 .bss.receiver_input_channel_5
                0x000000002000031c        0x4 ./Core/Src/main.o
                0x000000002000031c                receiver_input_channel_5
 .bss.receiver_input_channel_6
                0x0000000020000320        0x4 ./Core/Src/main.o
                0x0000000020000320                receiver_input_channel_6
 .bss.throttle  0x0000000020000324        0x4 ./Core/Src/main.o
                0x0000000020000324                throttle
 .bss.gyro_x_cal
                0x0000000020000328        0x4 ./Core/Src/main.o
                0x0000000020000328                gyro_x_cal
 .bss.gyro_y_cal
                0x000000002000032c        0x4 ./Core/Src/main.o
                0x000000002000032c                gyro_y_cal
 .bss.gyro_z_cal
                0x0000000020000330        0x4 ./Core/Src/main.o
                0x0000000020000330                gyro_z_cal
 .bss.angle_pitch_acc_cal
                0x0000000020000334        0x4 ./Core/Src/main.o
                0x0000000020000334                angle_pitch_acc_cal
 .bss.angle_roll_acc_cal
                0x0000000020000338        0x4 ./Core/Src/main.o
                0x0000000020000338                angle_roll_acc_cal
 .bss.loop_timer
                0x000000002000033c        0x4 ./Core/Src/main.o
                0x000000002000033c                loop_timer
 .bss.gyro_x    0x0000000020000340        0x4 ./Core/Src/main.o
                0x0000000020000340                gyro_x
 .bss.gyro_y    0x0000000020000344        0x4 ./Core/Src/main.o
                0x0000000020000344                gyro_y
 .bss.gyro_z    0x0000000020000348        0x4 ./Core/Src/main.o
                0x0000000020000348                gyro_z
 .bss.acc_x     0x000000002000034c        0x4 ./Core/Src/main.o
                0x000000002000034c                acc_x
 .bss.acc_y     0x0000000020000350        0x4 ./Core/Src/main.o
                0x0000000020000350                acc_y
 .bss.acc_z     0x0000000020000354        0x4 ./Core/Src/main.o
                0x0000000020000354                acc_z
 .bss.acc_total_vector
                0x0000000020000358        0x4 ./Core/Src/main.o
                0x0000000020000358                acc_total_vector
 .bss.angle_roll
                0x000000002000035c        0x4 ./Core/Src/main.o
                0x000000002000035c                angle_roll
 .bss.angle_pitch
                0x0000000020000360        0x4 ./Core/Src/main.o
                0x0000000020000360                angle_pitch
 .bss.angle_roll_acc
                0x0000000020000364        0x4 ./Core/Src/main.o
                0x0000000020000364                angle_roll_acc
 .bss.angle_pitch_acc
                0x0000000020000368        0x4 ./Core/Src/main.o
                0x0000000020000368                angle_pitch_acc
 .bss.roll_level_adjust
                0x000000002000036c        0x4 ./Core/Src/main.o
                0x000000002000036c                roll_level_adjust
 .bss.pitch_level_adjust
                0x0000000020000370        0x4 ./Core/Src/main.o
                0x0000000020000370                pitch_level_adjust
 .bss.gyro_roll_input
                0x0000000020000374        0x4 ./Core/Src/main.o
                0x0000000020000374                gyro_roll_input
 .bss.gyro_pitch_input
                0x0000000020000378        0x4 ./Core/Src/main.o
                0x0000000020000378                gyro_pitch_input
 .bss.gyro_yaw_input
                0x000000002000037c        0x4 ./Core/Src/main.o
                0x000000002000037c                gyro_yaw_input
 .bss.pid_roll_setpoint
                0x0000000020000380        0x4 ./Core/Src/main.o
                0x0000000020000380                pid_roll_setpoint
 .bss.pid_pitch_setpoint
                0x0000000020000384        0x4 ./Core/Src/main.o
                0x0000000020000384                pid_pitch_setpoint
 .bss.pid_yaw_setpoint
                0x0000000020000388        0x4 ./Core/Src/main.o
                0x0000000020000388                pid_yaw_setpoint
 .bss.pid_d_gain_yaw
                0x000000002000038c        0x4 ./Core/Src/main.o
                0x000000002000038c                pid_d_gain_yaw
 .bss.pid_i_mem_roll
                0x0000000020000390        0x4 ./Core/Src/main.o
                0x0000000020000390                pid_i_mem_roll
 .bss.pid_i_mem_pitch
                0x0000000020000394        0x4 ./Core/Src/main.o
                0x0000000020000394                pid_i_mem_pitch
 .bss.pid_i_mem_yaw
                0x0000000020000398        0x4 ./Core/Src/main.o
                0x0000000020000398                pid_i_mem_yaw
 .bss.pid_last_roll_d_error
                0x000000002000039c        0x4 ./Core/Src/main.o
                0x000000002000039c                pid_last_roll_d_error
 .bss.pid_last_pitch_d_eroor
                0x00000000200003a0        0x4 ./Core/Src/main.o
                0x00000000200003a0                pid_last_pitch_d_eroor
 .bss.pid_last_yaw_d_error
                0x00000000200003a4        0x4 ./Core/Src/main.o
                0x00000000200003a4                pid_last_yaw_d_error
 .bss.pid_error_temp
                0x00000000200003a8        0x4 ./Core/Src/main.o
                0x00000000200003a8                pid_error_temp
 .bss.pid_roll_output
                0x00000000200003ac        0x4 ./Core/Src/main.o
                0x00000000200003ac                pid_roll_output
 .bss.pid_pitch_output
                0x00000000200003b0        0x4 ./Core/Src/main.o
                0x00000000200003b0                pid_pitch_output
 .bss.pid_yaw_output
                0x00000000200003b4        0x4 ./Core/Src/main.o
                0x00000000200003b4                pid_yaw_output
 .bss.start     0x00000000200003b8        0x4 ./Core/Src/main.o
                0x00000000200003b8                start
 .bss.uwTick    0x00000000200003bc        0x4 ./Drivers/STM32F4xx_HAL_Driver/Src/stm32f4xx_hal.o
                0x00000000200003bc                uwTick
 *(COMMON)
                0x00000000200003c0                . = ALIGN (0x4)
                0x00000000200003c0                _ebss = .
                0x00000000200003c0                __bss_end__ = _ebss

._user_heap_stack
                0x00000000200003c0      0x600 load address 0x0000000008009000
                0x00000000200003c0                . = ALIGN (0x8)
                [!provide]                        PROVIDE (end = .)
                0x00000000200003c0                PROVIDE (_end = .)
                0x00000000200005c0                . = (. + _Min_Heap_Size)
 *fill*         0x00000000200003c0      0x200 
                0x00000000200009c0                . = (. + _Min_Stack_Size)
 *fill*         0x00000000200005c0      0x400 
                0x00000000200009c0                . = ALIGN (0x8)

/DISCARD/
 libc.a(*)
 libm.a(*)
 libgcc.a(*)

.ARM.attributes
                0x0000000000000000       0x30
 *(.ARM.attributes)
 .ARM.attributes
                0x0000000000000000       0x1e c:/st/stm32cubeide_1.11.2/stm32cubeide/plugins/com.st.stm32cube.ide.mcu.externaltools.gnu-tools-for-stm32.10.3-2021.10.win32_1.0.200.202301161003/tools/bin/../lib/gcc/arm-none-eabi/10.3.1/thumb/v7e-m+fp/hard/crti.o
 .ARM.attributes
                0x000000000000001e       0x34 c:/st/stm32cubeide_1.11.2/stm32cubeide/plugins/com.st.stm32cube.ide.mcu.externaltools.gnu-tools-for-stm32.10.3-2021.10.win32_1.0.200.202301161003/tools/bin/../lib/gcc/arm-none-eabi/10.3.1/thumb/v7e-m+fp/hard/crtbegin.o
 .ARM.attributes
                0x0000000000000052       0x34 ./Core/Src/HMC5883L.o
 .ARM.attributes
                0x0000000000000086       0x34 ./Core/Src/bmp280.o
 .ARM.attributes
                0x00000000000000ba       0x34 ./Core/Src/main.o
 .ARM.attributes
                0x00000000000000ee       0x34 ./Core/Src/stm32f4xx_hal_msp.o
 .ARM.attributes
                0x0000000000000122       0x34 ./Core/Src/stm32f4xx_it.o
 .ARM.attributes
                0x0000000000000156       0x34 ./Core/Src/system_stm32f4xx.o
 .ARM.attributes
                0x000000000000018a       0x21 ./Core/Startup/startup_stm32f411ceux.o
 .ARM.attributes
                0x00000000000001ab       0x34 ./Drivers/STM32F4xx_HAL_Driver/Src/stm32f4xx_hal.o
 .ARM.attributes
                0x00000000000001df       0x34 ./Drivers/STM32F4xx_HAL_Driver/Src/stm32f4xx_hal_cortex.o
 .ARM.attributes
                0x0000000000000213       0x34 ./Drivers/STM32F4xx_HAL_Driver/Src/stm32f4xx_hal_dma.o
 .ARM.attributes
                0x0000000000000247       0x34 ./Drivers/STM32F4xx_HAL_Driver/Src/stm32f4xx_hal_gpio.o
 .ARM.attributes
                0x000000000000027b       0x34 ./Drivers/STM32F4xx_HAL_Driver/Src/stm32f4xx_hal_i2c.o
 .ARM.attributes
                0x00000000000002af       0x34 ./Drivers/STM32F4xx_HAL_Driver/Src/stm32f4xx_hal_rcc.o
 .ARM.attributes
                0x00000000000002e3       0x34 ./Drivers/STM32F4xx_HAL_Driver/Src/stm32f4xx_hal_tim.o
 .ARM.attributes
                0x0000000000000317       0x34 ./Drivers/STM32F4xx_HAL_Driver/Src/stm32f4xx_hal_tim_ex.o
 .ARM.attributes
                0x000000000000034b       0x34 ./Drivers/STM32F4xx_HAL_Driver/Src/stm32f4xx_hal_uart.o
 .ARM.attributes
                0x000000000000037f       0x34 c:/st/stm32cubeide_1.11.2/stm32cubeide/plugins/com.st.stm32cube.ide.mcu.externaltools.gnu-tools-for-stm32.10.3-2021.10.win32_1.0.200.202301161003/tools/bin/../lib/gcc/arm-none-eabi/10.3.1/../../../../arm-none-eabi/lib/thumb/v7e-m+fp/hard\libc_nano.a(lib_a-errno.o)
 .ARM.attributes
                0x00000000000003b3       0x34 c:/st/stm32cubeide_1.11.2/stm32cubeide/plugins/com.st.stm32cube.ide.mcu.externaltools.gnu-tools-for-stm32.10.3-2021.10.win32_1.0.200.202301161003/tools/bin/../lib/gcc/arm-none-eabi/10.3.1/../../../../arm-none-eabi/lib/thumb/v7e-m+fp/hard\libc_nano.a(lib_a-impure.o)
 .ARM.attributes
                0x00000000000003e7       0x34 c:/st/stm32cubeide_1.11.2/stm32cubeide/plugins/com.st.stm32cube.ide.mcu.externaltools.gnu-tools-for-stm32.10.3-2021.10.win32_1.0.200.202301161003/tools/bin/../lib/gcc/arm-none-eabi/10.3.1/../../../../arm-none-eabi/lib/thumb/v7e-m+fp/hard\libc_nano.a(lib_a-init.o)
 .ARM.attributes
                0x000000000000041b       0x34 c:/st/stm32cubeide_1.11.2/stm32cubeide/plugins/com.st.stm32cube.ide.mcu.externaltools.gnu-tools-for-stm32.10.3-2021.10.win32_1.0.200.202301161003/tools/bin/../lib/gcc/arm-none-eabi/10.3.1/../../../../arm-none-eabi/lib/thumb/v7e-m+fp/hard\libc_nano.a(lib_a-memset.o)
 .ARM.attributes
                0x000000000000044f       0x34 c:/st/stm32cubeide_1.11.2/stm32cubeide/plugins/com.st.stm32cube.ide.mcu.externaltools.gnu-tools-for-stm32.10.3-2021.10.win32_1.0.200.202301161003/tools/bin/../lib/gcc/arm-none-eabi/10.3.1/../../../../arm-none-eabi/lib/thumb/v7e-m+fp/hard\libm.a(lib_a-s_sin.o)
 .ARM.attributes
                0x0000000000000483       0x34 c:/st/stm32cubeide_1.11.2/stm32cubeide/plugins/com.st.stm32cube.ide.mcu.externaltools.gnu-tools-for-stm32.10.3-2021.10.win32_1.0.200.202301161003/tools/bin/../lib/gcc/arm-none-eabi/10.3.1/../../../../arm-none-eabi/lib/thumb/v7e-m+fp/hard\libm.a(lib_a-w_asin.o)
 .ARM.attributes
                0x00000000000004b7       0x34 c:/st/stm32cubeide_1.11.2/stm32cubeide/plugins/com.st.stm32cube.ide.mcu.externaltools.gnu-tools-for-stm32.10.3-2021.10.win32_1.0.200.202301161003/tools/bin/../lib/gcc/arm-none-eabi/10.3.1/../../../../arm-none-eabi/lib/thumb/v7e-m+fp/hard\libm.a(lib_a-w_sqrt.o)
 .ARM.attributes
                0x00000000000004eb       0x34 c:/st/stm32cubeide_1.11.2/stm32cubeide/plugins/com.st.stm32cube.ide.mcu.externaltools.gnu-tools-for-stm32.10.3-2021.10.win32_1.0.200.202301161003/tools/bin/../lib/gcc/arm-none-eabi/10.3.1/../../../../arm-none-eabi/lib/thumb/v7e-m+fp/hard\libm.a(lib_a-e_asin.o)
 .ARM.attributes
                0x000000000000051f       0x34 c:/st/stm32cubeide_1.11.2/stm32cubeide/plugins/com.st.stm32cube.ide.mcu.externaltools.gnu-tools-for-stm32.10.3-2021.10.win32_1.0.200.202301161003/tools/bin/../lib/gcc/arm-none-eabi/10.3.1/../../../../arm-none-eabi/lib/thumb/v7e-m+fp/hard\libm.a(lib_a-e_rem_pio2.o)
 .ARM.attributes
                0x0000000000000553       0x34 c:/st/stm32cubeide_1.11.2/stm32cubeide/plugins/com.st.stm32cube.ide.mcu.externaltools.gnu-tools-for-stm32.10.3-2021.10.win32_1.0.200.202301161003/tools/bin/../lib/gcc/arm-none-eabi/10.3.1/../../../../arm-none-eabi/lib/thumb/v7e-m+fp/hard\libm.a(lib_a-e_sqrt.o)
 .ARM.attributes
                0x0000000000000587       0x34 c:/st/stm32cubeide_1.11.2/stm32cubeide/plugins/com.st.stm32cube.ide.mcu.externaltools.gnu-tools-for-stm32.10.3-2021.10.win32_1.0.200.202301161003/tools/bin/../lib/gcc/arm-none-eabi/10.3.1/../../../../arm-none-eabi/lib/thumb/v7e-m+fp/hard\libm.a(lib_a-k_cos.o)
 .ARM.attributes
                0x00000000000005bb       0x34 c:/st/stm32cubeide_1.11.2/stm32cubeide/plugins/com.st.stm32cube.ide.mcu.externaltools.gnu-tools-for-stm32.10.3-2021.10.win32_1.0.200.202301161003/tools/bin/../lib/gcc/arm-none-eabi/10.3.1/../../../../arm-none-eabi/lib/thumb/v7e-m+fp/hard\libm.a(lib_a-k_rem_pio2.o)
 .ARM.attributes
                0x00000000000005ef       0x34 c:/st/stm32cubeide_1.11.2/stm32cubeide/plugins/com.st.stm32cube.ide.mcu.externaltools.gnu-tools-for-stm32.10.3-2021.10.win32_1.0.200.202301161003/tools/bin/../lib/gcc/arm-none-eabi/10.3.1/../../../../arm-none-eabi/lib/thumb/v7e-m+fp/hard\libm.a(lib_a-k_sin.o)
 .ARM.attributes
                0x0000000000000623       0x34 c:/st/stm32cubeide_1.11.2/stm32cubeide/plugins/com.st.stm32cube.ide.mcu.externaltools.gnu-tools-for-stm32.10.3-2021.10.win32_1.0.200.202301161003/tools/bin/../lib/gcc/arm-none-eabi/10.3.1/../../../../arm-none-eabi/lib/thumb/v7e-m+fp/hard\libm.a(lib_a-s_fabs.o)
 .ARM.attributes
                0x0000000000000657       0x34 c:/st/stm32cubeide_1.11.2/stm32cubeide/plugins/com.st.stm32cube.ide.mcu.externaltools.gnu-tools-for-stm32.10.3-2021.10.win32_1.0.200.202301161003/tools/bin/../lib/gcc/arm-none-eabi/10.3.1/../../../../arm-none-eabi/lib/thumb/v7e-m+fp/hard\libm.a(lib_a-s_floor.o)
 .ARM.attributes
                0x000000000000068b       0x34 c:/st/stm32cubeide_1.11.2/stm32cubeide/plugins/com.st.stm32cube.ide.mcu.externaltools.gnu-tools-for-stm32.10.3-2021.10.win32_1.0.200.202301161003/tools/bin/../lib/gcc/arm-none-eabi/10.3.1/../../../../arm-none-eabi/lib/thumb/v7e-m+fp/hard\libm.a(lib_a-s_nan.o)
 .ARM.attributes
                0x00000000000006bf       0x34 c:/st/stm32cubeide_1.11.2/stm32cubeide/plugins/com.st.stm32cube.ide.mcu.externaltools.gnu-tools-for-stm32.10.3-2021.10.win32_1.0.200.202301161003/tools/bin/../lib/gcc/arm-none-eabi/10.3.1/../../../../arm-none-eabi/lib/thumb/v7e-m+fp/hard\libm.a(lib_a-s_scalbn.o)
 .ARM.attributes
                0x00000000000006f3       0x1e c:/st/stm32cubeide_1.11.2/stm32cubeide/plugins/com.st.stm32cube.ide.mcu.externaltools.gnu-tools-for-stm32.10.3-2021.10.win32_1.0.200.202301161003/tools/bin/../lib/gcc/arm-none-eabi/10.3.1/thumb/v7e-m+fp/hard\libgcc.a(_arm_addsubdf3.o)
 .ARM.attributes
                0x0000000000000711       0x1e c:/st/stm32cubeide_1.11.2/stm32cubeide/plugins/com.st.stm32cube.ide.mcu.externaltools.gnu-tools-for-stm32.10.3-2021.10.win32_1.0.200.202301161003/tools/bin/../lib/gcc/arm-none-eabi/10.3.1/thumb/v7e-m+fp/hard\libgcc.a(_arm_muldivdf3.o)
 .ARM.attributes
                0x000000000000072f       0x1e c:/st/stm32cubeide_1.11.2/stm32cubeide/plugins/com.st.stm32cube.ide.mcu.externaltools.gnu-tools-for-stm32.10.3-2021.10.win32_1.0.200.202301161003/tools/bin/../lib/gcc/arm-none-eabi/10.3.1/thumb/v7e-m+fp/hard\libgcc.a(_arm_cmpdf2.o)
 .ARM.attributes
                0x000000000000074d       0x1e c:/st/stm32cubeide_1.11.2/stm32cubeide/plugins/com.st.stm32cube.ide.mcu.externaltools.gnu-tools-for-stm32.10.3-2021.10.win32_1.0.200.202301161003/tools/bin/../lib/gcc/arm-none-eabi/10.3.1/thumb/v7e-m+fp/hard\libgcc.a(_arm_unorddf2.o)
 .ARM.attributes
                0x000000000000076b       0x1e c:/st/stm32cubeide_1.11.2/stm32cubeide/plugins/com.st.stm32cube.ide.mcu.externaltools.gnu-tools-for-stm32.10.3-2021.10.win32_1.0.200.202301161003/tools/bin/../lib/gcc/arm-none-eabi/10.3.1/thumb/v7e-m+fp/hard\libgcc.a(_arm_fixdfsi.o)
 .ARM.attributes
                0x0000000000000789       0x1e c:/st/stm32cubeide_1.11.2/stm32cubeide/plugins/com.st.stm32cube.ide.mcu.externaltools.gnu-tools-for-stm32.10.3-2021.10.win32_1.0.200.202301161003/tools/bin/../lib/gcc/arm-none-eabi/10.3.1/thumb/v7e-m+fp/hard\libgcc.a(_arm_truncdfsf2.o)
 .ARM.attributes
                0x00000000000007a7       0x1e c:/st/stm32cubeide_1.11.2/stm32cubeide/plugins/com.st.stm32cube.ide.mcu.externaltools.gnu-tools-for-stm32.10.3-2021.10.win32_1.0.200.202301161003/tools/bin/../lib/gcc/arm-none-eabi/10.3.1/thumb/v7e-m+fp/hard\libgcc.a(_aeabi_uldivmod.o)
 .ARM.attributes
                0x00000000000007c5       0x34 c:/st/stm32cubeide_1.11.2/stm32cubeide/plugins/com.st.stm32cube.ide.mcu.externaltools.gnu-tools-for-stm32.10.3-2021.10.win32_1.0.200.202301161003/tools/bin/../lib/gcc/arm-none-eabi/10.3.1/thumb/v7e-m+fp/hard\libgcc.a(_udivmoddi4.o)
 .ARM.attributes
                0x00000000000007f9       0x1e c:/st/stm32cubeide_1.11.2/stm32cubeide/plugins/com.st.stm32cube.ide.mcu.externaltools.gnu-tools-for-stm32.10.3-2021.10.win32_1.0.200.202301161003/tools/bin/../lib/gcc/arm-none-eabi/10.3.1/thumb/v7e-m+fp/hard\libgcc.a(_dvmd_tls.o)
 .ARM.attributes
                0x0000000000000817       0x1e c:/st/stm32cubeide_1.11.2/stm32cubeide/plugins/com.st.stm32cube.ide.mcu.externaltools.gnu-tools-for-stm32.10.3-2021.10.win32_1.0.200.202301161003/tools/bin/../lib/gcc/arm-none-eabi/10.3.1/thumb/v7e-m+fp/hard/crtn.o
OUTPUT(Blackfill_FC.elf elf32-littlearm)
LOAD linker stubs
LOAD c:/st/stm32cubeide_1.11.2/stm32cubeide/plugins/com.st.stm32cube.ide.mcu.externaltools.gnu-tools-for-stm32.10.3-2021.10.win32_1.0.200.202301161003/tools/bin/../lib/gcc/arm-none-eabi/10.3.1/../../../../arm-none-eabi/lib/thumb/v7e-m+fp/hard\libc.a
LOAD c:/st/stm32cubeide_1.11.2/stm32cubeide/plugins/com.st.stm32cube.ide.mcu.externaltools.gnu-tools-for-stm32.10.3-2021.10.win32_1.0.200.202301161003/tools/bin/../lib/gcc/arm-none-eabi/10.3.1/../../../../arm-none-eabi/lib/thumb/v7e-m+fp/hard\libm.a
LOAD c:/st/stm32cubeide_1.11.2/stm32cubeide/plugins/com.st.stm32cube.ide.mcu.externaltools.gnu-tools-for-stm32.10.3-2021.10.win32_1.0.200.202301161003/tools/bin/../lib/gcc/arm-none-eabi/10.3.1/thumb/v7e-m+fp/hard\libgcc.a

.debug_info     0x0000000000000000    0x12ba0
 .debug_info    0x0000000000000000      0xaf0 ./Core/Src/HMC5883L.o
 .debug_info    0x0000000000000af0      0xf1c ./Core/Src/bmp280.o
 .debug_info    0x0000000000001a0c     0x243a ./Core/Src/main.o
 .debug_info    0x0000000000003e46     0x1371 ./Core/Src/stm32f4xx_hal_msp.o
 .debug_info    0x00000000000051b7      0xa2d ./Core/Src/stm32f4xx_it.o
 .debug_info    0x0000000000005be4      0x54f ./Core/Src/system_stm32f4xx.o
 .debug_info    0x0000000000006133       0x22 ./Core/Startup/startup_stm32f411ceux.o
 .debug_info    0x0000000000006155      0x90d ./Drivers/STM32F4xx_HAL_Driver/Src/stm32f4xx_hal.o
 .debug_info    0x0000000000006a62      0xd8b ./Drivers/STM32F4xx_HAL_Driver/Src/stm32f4xx_hal_cortex.o
 .debug_info    0x00000000000077ed      0x947 ./Drivers/STM32F4xx_HAL_Driver/Src/stm32f4xx_hal_dma.o
 .debug_info    0x0000000000008134      0x78e ./Drivers/STM32F4xx_HAL_Driver/Src/stm32f4xx_hal_gpio.o
 .debug_info    0x00000000000088c2     0x260f ./Drivers/STM32F4xx_HAL_Driver/Src/stm32f4xx_hal_i2c.o
 .debug_info    0x000000000000aed1      0x98d ./Drivers/STM32F4xx_HAL_Driver/Src/stm32f4xx_hal_rcc.o
 .debug_info    0x000000000000b85e     0x2bb6 ./Drivers/STM32F4xx_HAL_Driver/Src/stm32f4xx_hal_tim.o
 .debug_info    0x000000000000e414     0x15d8 ./Drivers/STM32F4xx_HAL_Driver/Src/stm32f4xx_hal_tim_ex.o
 .debug_info    0x000000000000f9ec     0x31b4 ./Drivers/STM32F4xx_HAL_Driver/Src/stm32f4xx_hal_uart.o

.debug_abbrev   0x0000000000000000     0x2336
 .debug_abbrev  0x0000000000000000      0x219 ./Core/Src/HMC5883L.o
 .debug_abbrev  0x0000000000000219      0x25f ./Core/Src/bmp280.o
 .debug_abbrev  0x0000000000000478      0x330 ./Core/Src/main.o
 .debug_abbrev  0x00000000000007a8      0x247 ./Core/Src/stm32f4xx_hal_msp.o
 .debug_abbrev  0x00000000000009ef      0x1b1 ./Core/Src/stm32f4xx_it.o
 .debug_abbrev  0x0000000000000ba0      0x116 ./Core/Src/system_stm32f4xx.o
 .debug_abbrev  0x0000000000000cb6       0x12 ./Core/Startup/startup_stm32f411ceux.o
 .debug_abbrev  0x0000000000000cc8      0x23e ./Drivers/STM32F4xx_HAL_Driver/Src/stm32f4xx_hal.o
 .debug_abbrev  0x0000000000000f06      0x316 ./Drivers/STM32F4xx_HAL_Driver/Src/stm32f4xx_hal_cortex.o
 .debug_abbrev  0x000000000000121c      0x21b ./Drivers/STM32F4xx_HAL_Driver/Src/stm32f4xx_hal_dma.o
 .debug_abbrev  0x0000000000001437      0x1c4 ./Drivers/STM32F4xx_HAL_Driver/Src/stm32f4xx_hal_gpio.o
 .debug_abbrev  0x00000000000015fb      0x2a8 ./Drivers/STM32F4xx_HAL_Driver/Src/stm32f4xx_hal_i2c.o
 .debug_abbrev  0x00000000000018a3      0x2aa ./Drivers/STM32F4xx_HAL_Driver/Src/stm32f4xx_hal_rcc.o
 .debug_abbrev  0x0000000000001b4d      0x26e ./Drivers/STM32F4xx_HAL_Driver/Src/stm32f4xx_hal_tim.o
 .debug_abbrev  0x0000000000001dbb      0x276 ./Drivers/STM32F4xx_HAL_Driver/Src/stm32f4xx_hal_tim_ex.o
 .debug_abbrev  0x0000000000002031      0x305 ./Drivers/STM32F4xx_HAL_Driver/Src/stm32f4xx_hal_uart.o

.debug_aranges  0x0000000000000000     0x1018
 .debug_aranges
                0x0000000000000000       0x90 ./Core/Src/HMC5883L.o
 .debug_aranges
                0x0000000000000090       0x88 ./Core/Src/bmp280.o
 .debug_aranges
                0x0000000000000118       0x88 ./Core/Src/main.o
 .debug_aranges
                0x00000000000001a0       0x58 ./Core/Src/stm32f4xx_hal_msp.o
 .debug_aranges
                0x00000000000001f8       0x80 ./Core/Src/stm32f4xx_it.o
 .debug_aranges
                0x0000000000000278       0x28 ./Core/Src/system_stm32f4xx.o
 .debug_aranges
                0x00000000000002a0       0x28 ./Core/Startup/startup_stm32f411ceux.o
 .debug_aranges
                0x00000000000002c8       0xf0 ./Drivers/STM32F4xx_HAL_Driver/Src/stm32f4xx_hal.o
 .debug_aranges
                0x00000000000003b8      0x118 ./Drivers/STM32F4xx_HAL_Driver/Src/stm32f4xx_hal_cortex.o
 .debug_aranges
                0x00000000000004d0       0x90 ./Drivers/STM32F4xx_HAL_Driver/Src/stm32f4xx_hal_dma.o
 .debug_aranges
                0x0000000000000560       0x58 ./Drivers/STM32F4xx_HAL_Driver/Src/stm32f4xx_hal_gpio.o
 .debug_aranges
                0x00000000000005b8      0x2a0 ./Drivers/STM32F4xx_HAL_Driver/Src/stm32f4xx_hal_i2c.o
 .debug_aranges
                0x0000000000000858       0x88 ./Drivers/STM32F4xx_HAL_Driver/Src/stm32f4xx_hal_rcc.o
 .debug_aranges
                0x00000000000008e0      0x3d0 ./Drivers/STM32F4xx_HAL_Driver/Src/stm32f4xx_hal_tim.o
 .debug_aranges
                0x0000000000000cb0      0x168 ./Drivers/STM32F4xx_HAL_Driver/Src/stm32f4xx_hal_tim_ex.o
 .debug_aranges
                0x0000000000000e18      0x200 ./Drivers/STM32F4xx_HAL_Driver/Src/stm32f4xx_hal_uart.o

.debug_ranges   0x0000000000000000      0xf68
 .debug_ranges  0x0000000000000000       0x80 ./Core/Src/HMC5883L.o
 .debug_ranges  0x0000000000000080       0x78 ./Core/Src/bmp280.o
 .debug_ranges  0x00000000000000f8       0x78 ./Core/Src/main.o
 .debug_ranges  0x0000000000000170       0x48 ./Core/Src/stm32f4xx_hal_msp.o
 .debug_ranges  0x00000000000001b8       0x70 ./Core/Src/stm32f4xx_it.o
 .debug_ranges  0x0000000000000228       0x18 ./Core/Src/system_stm32f4xx.o
 .debug_ranges  0x0000000000000240       0x20 ./Core/Startup/startup_stm32f411ceux.o
 .debug_ranges  0x0000000000000260       0xe0 ./Drivers/STM32F4xx_HAL_Driver/Src/stm32f4xx_hal.o
 .debug_ranges  0x0000000000000340      0x108 ./Drivers/STM32F4xx_HAL_Driver/Src/stm32f4xx_hal_cortex.o
 .debug_ranges  0x0000000000000448       0x80 ./Drivers/STM32F4xx_HAL_Driver/Src/stm32f4xx_hal_dma.o
 .debug_ranges  0x00000000000004c8       0x48 ./Drivers/STM32F4xx_HAL_Driver/Src/stm32f4xx_hal_gpio.o
 .debug_ranges  0x0000000000000510      0x2a8 ./Drivers/STM32F4xx_HAL_Driver/Src/stm32f4xx_hal_i2c.o
 .debug_ranges  0x00000000000007b8       0x78 ./Drivers/STM32F4xx_HAL_Driver/Src/stm32f4xx_hal_rcc.o
 .debug_ranges  0x0000000000000830      0x3c0 ./Drivers/STM32F4xx_HAL_Driver/Src/stm32f4xx_hal_tim.o
 .debug_ranges  0x0000000000000bf0      0x158 ./Drivers/STM32F4xx_HAL_Driver/Src/stm32f4xx_hal_tim_ex.o
 .debug_ranges  0x0000000000000d48      0x220 ./Drivers/STM32F4xx_HAL_Driver/Src/stm32f4xx_hal_uart.o

.debug_macro    0x0000000000000000    0x178d8
 .debug_macro   0x0000000000000000      0x242 ./Core/Src/HMC5883L.o
 .debug_macro   0x0000000000000242      0xa78 ./Core/Src/HMC5883L.o
 .debug_macro   0x0000000000000cba       0x22 ./Core/Src/HMC5883L.o
 .debug_macro   0x0000000000000cdc       0x4c ./Core/Src/HMC5883L.o
 .debug_macro   0x0000000000000d28       0x1e ./Core/Src/HMC5883L.o
 .debug_macro   0x0000000000000d46       0x94 ./Core/Src/HMC5883L.o
 .debug_macro   0x0000000000000dda       0x3c ./Core/Src/HMC5883L.o
 .debug_macro   0x0000000000000e16      0x103 ./Core/Src/HMC5883L.o
 .debug_macro   0x0000000000000f19       0x3a ./Core/Src/HMC5883L.o
 .debug_macro   0x0000000000000f53       0x57 ./Core/Src/HMC5883L.o
 .debug_macro   0x0000000000000faa       0x6a ./Core/Src/HMC5883L.o
 .debug_macro   0x0000000000001014      0x1df ./Core/Src/HMC5883L.o
 .debug_macro   0x00000000000011f3       0x82 ./Core/Src/HMC5883L.o
 .debug_macro   0x0000000000001275      0x460 ./Core/Src/HMC5883L.o
 .debug_macro   0x00000000000016d5      0x2a1 ./Core/Src/HMC5883L.o
 .debug_macro   0x0000000000001976       0x2e ./Core/Src/HMC5883L.o
 .debug_macro   0x00000000000019a4       0x28 ./Core/Src/HMC5883L.o
 .debug_macro   0x00000000000019cc       0x1c ./Core/Src/HMC5883L.o
 .debug_macro   0x00000000000019e8       0x22 ./Core/Src/HMC5883L.o
 .debug_macro   0x0000000000001a0a       0xd9 ./Core/Src/HMC5883L.o
 .debug_macro   0x0000000000001ae3     0x102d ./Core/Src/HMC5883L.o
 .debug_macro   0x0000000000002b10      0x11f ./Core/Src/HMC5883L.o
 .debug_macro   0x0000000000002c2f     0xb953 ./Core/Src/HMC5883L.o
 .debug_macro   0x000000000000e582       0x6d ./Core/Src/HMC5883L.o
 .debug_macro   0x000000000000e5ef     0x367e ./Core/Src/HMC5883L.o
 .debug_macro   0x0000000000011c6d      0x104 ./Core/Src/HMC5883L.o
 .debug_macro   0x0000000000011d71       0x5c ./Core/Src/HMC5883L.o
 .debug_macro   0x0000000000011dcd      0x447 ./Core/Src/HMC5883L.o
 .debug_macro   0x0000000000012214      0x9fe ./Core/Src/HMC5883L.o
 .debug_macro   0x0000000000012c12      0x115 ./Core/Src/HMC5883L.o
 .debug_macro   0x0000000000012d27      0x11b ./Core/Src/HMC5883L.o
 .debug_macro   0x0000000000012e42       0xa5 ./Core/Src/HMC5883L.o
 .debug_macro   0x0000000000012ee7      0x15f ./Core/Src/HMC5883L.o
 .debug_macro   0x0000000000013046      0x287 ./Core/Src/HMC5883L.o
 .debug_macro   0x00000000000132cd       0x5f ./Core/Src/HMC5883L.o
 .debug_macro   0x000000000001332c      0x236 ./Core/Src/HMC5883L.o
 .debug_macro   0x0000000000013562      0x132 ./Core/Src/HMC5883L.o
 .debug_macro   0x0000000000013694      0x264 ./Core/Src/HMC5883L.o
 .debug_macro   0x00000000000138f8       0x2e ./Core/Src/HMC5883L.o
 .debug_macro   0x0000000000013926      0x1b5 ./Core/Src/HMC5883L.o
 .debug_macro   0x0000000000013adb       0x22 ./Core/Src/HMC5883L.o
 .debug_macro   0x0000000000013afd       0xd6 ./Core/Src/HMC5883L.o
 .debug_macro   0x0000000000013bd3      0x11a ./Core/Src/HMC5883L.o
 .debug_macro   0x0000000000013ced       0x85 ./Core/Src/HMC5883L.o
 .debug_macro   0x0000000000013d72       0x89 ./Core/Src/HMC5883L.o
 .debug_macro   0x0000000000013dfb      0x8e6 ./Core/Src/HMC5883L.o
 .debug_macro   0x00000000000146e1       0x47 ./Core/Src/HMC5883L.o
 .debug_macro   0x0000000000014728      0x295 ./Core/Src/HMC5883L.o
 .debug_macro   0x00000000000149bd      0x126 ./Core/Src/HMC5883L.o
 .debug_macro   0x0000000000014ae3       0x64 ./Core/Src/HMC5883L.o
 .debug_macro   0x0000000000014b47      0x265 ./Core/Src/bmp280.o
 .debug_macro   0x0000000000014dac       0x8e ./Core/Src/bmp280.o
 .debug_macro   0x0000000000014e3a       0x51 ./Core/Src/bmp280.o
 .debug_macro   0x0000000000014e8b      0x174 ./Core/Src/bmp280.o
 .debug_macro   0x0000000000014fff       0x22 ./Core/Src/bmp280.o
 .debug_macro   0x0000000000015021       0x1c ./Core/Src/bmp280.o
 .debug_macro   0x000000000001503d      0x43b ./Core/Src/main.o
 .debug_macro   0x0000000000015478       0x3a ./Core/Src/main.o
 .debug_macro   0x00000000000154b2       0x52 ./Core/Src/main.o
 .debug_macro   0x0000000000015504       0x35 ./Core/Src/main.o
 .debug_macro   0x0000000000015539       0x16 ./Core/Src/main.o
 .debug_macro   0x000000000001554f       0x43 ./Core/Src/main.o
 .debug_macro   0x0000000000015592       0x34 ./Core/Src/main.o
 .debug_macro   0x00000000000155c6       0x10 ./Core/Src/main.o
 .debug_macro   0x00000000000155d6       0x58 ./Core/Src/main.o
 .debug_macro   0x000000000001562e       0x71 ./Core/Src/main.o
 .debug_macro   0x000000000001569f       0x1c ./Core/Src/main.o
 .debug_macro   0x00000000000156bb      0x12a ./Core/Src/main.o
 .debug_macro   0x00000000000157e5      0x341 ./Core/Src/main.o
 .debug_macro   0x0000000000015b26      0x19b ./Core/Src/main.o
 .debug_macro   0x0000000000015cc1       0x16 ./Core/Src/main.o
 .debug_macro   0x0000000000015cd7       0x16 ./Core/Src/main.o
 .debug_macro   0x0000000000015ced       0x29 ./Core/Src/main.o
 .debug_macro   0x0000000000015d16       0x1c ./Core/Src/main.o
 .debug_macro   0x0000000000015d32       0x10 ./Core/Src/main.o
 .debug_macro   0x0000000000015d42       0x10 ./Core/Src/main.o
 .debug_macro   0x0000000000015d52       0x1c ./Core/Src/main.o
 .debug_macro   0x0000000000015d6e       0x52 ./Core/Src/main.o
 .debug_macro   0x0000000000015dc0       0x22 ./Core/Src/main.o
 .debug_macro   0x0000000000015de2       0x10 ./Core/Src/main.o
 .debug_macro   0x0000000000015df2       0x52 ./Core/Src/main.o
 .debug_macro   0x0000000000015e44       0xd5 ./Core/Src/main.o
 .debug_macro   0x0000000000015f19       0x1c ./Core/Src/main.o
 .debug_macro   0x0000000000015f35       0x3d ./Core/Src/main.o
 .debug_macro   0x0000000000015f72       0x16 ./Core/Src/main.o
 .debug_macro   0x0000000000015f88      0x145 ./Core/Src/main.o
 .debug_macro   0x00000000000160cd       0x16 ./Core/Src/main.o
 .debug_macro   0x00000000000160e3       0x20 ./Core/Src/main.o
 .debug_macro   0x0000000000016103      0x1f6 ./Core/Src/stm32f4xx_hal_msp.o
 .debug_macro   0x00000000000162f9      0x200 ./Core/Src/stm32f4xx_it.o
 .debug_macro   0x00000000000164f9      0x1e7 ./Core/Src/system_stm32f4xx.o
 .debug_macro   0x00000000000166e0      0x247 ./Drivers/STM32F4xx_HAL_Driver/Src/stm32f4xx_hal.o
 .debug_macro   0x0000000000016927      0x1e7 ./Drivers/STM32F4xx_HAL_Driver/Src/stm32f4xx_hal_cortex.o
 .debug_macro   0x0000000000016b0e      0x1ed ./Drivers/STM32F4xx_HAL_Driver/Src/stm32f4xx_hal_dma.o
 .debug_macro   0x0000000000016cfb      0x1ed ./Drivers/STM32F4xx_HAL_Driver/Src/stm32f4xx_hal_gpio.o
 .debug_macro   0x0000000000016ee8      0x22e ./Drivers/STM32F4xx_HAL_Driver/Src/stm32f4xx_hal_i2c.o
 .debug_macro   0x0000000000017116      0x20b ./Drivers/STM32F4xx_HAL_Driver/Src/stm32f4xx_hal_rcc.o
 .debug_macro   0x0000000000017321      0x1e8 ./Drivers/STM32F4xx_HAL_Driver/Src/stm32f4xx_hal_tim.o
 .debug_macro   0x0000000000017509      0x1e7 ./Drivers/STM32F4xx_HAL_Driver/Src/stm32f4xx_hal_tim_ex.o
 .debug_macro   0x00000000000176f0      0x1e8 ./Drivers/STM32F4xx_HAL_Driver/Src/stm32f4xx_hal_uart.o

.debug_line     0x0000000000000000    0x13042
 .debug_line    0x0000000000000000      0xa05 ./Core/Src/HMC5883L.o
 .debug_line    0x0000000000000a05      0xc4f ./Core/Src/bmp280.o
 .debug_line    0x0000000000001654     0x1134 ./Core/Src/main.o
 .debug_line    0x0000000000002788      0x864 ./Core/Src/stm32f4xx_hal_msp.o
 .debug_line    0x0000000000002fec      0x817 ./Core/Src/stm32f4xx_it.o
 .debug_line    0x0000000000003803      0x776 ./Core/Src/system_stm32f4xx.o
 .debug_line    0x0000000000003f79       0x88 ./Core/Startup/startup_stm32f411ceux.o
 .debug_line    0x0000000000004001      0x9dc ./Drivers/STM32F4xx_HAL_Driver/Src/stm32f4xx_hal.o
 .debug_line    0x00000000000049dd      0xc8b ./Drivers/STM32F4xx_HAL_Driver/Src/stm32f4xx_hal_cortex.o
 .debug_line    0x0000000000005668      0xf40 ./Drivers/STM32F4xx_HAL_Driver/Src/stm32f4xx_hal_dma.o
 .debug_line    0x00000000000065a8      0xb14 ./Drivers/STM32F4xx_HAL_Driver/Src/stm32f4xx_hal_gpio.o
 .debug_line    0x00000000000070bc     0x3991 ./Drivers/STM32F4xx_HAL_Driver/Src/stm32f4xx_hal_i2c.o
 .debug_line    0x000000000000aa4d      0xd56 ./Drivers/STM32F4xx_HAL_Driver/Src/stm32f4xx_hal_rcc.o
 .debug_line    0x000000000000b7a3     0x34aa ./Drivers/STM32F4xx_HAL_Driver/Src/stm32f4xx_hal_tim.o
 .debug_line    0x000000000000ec4d     0x1974 ./Drivers/STM32F4xx_HAL_Driver/Src/stm32f4xx_hal_tim_ex.o
 .debug_line    0x00000000000105c1     0x2a81 ./Drivers/STM32F4xx_HAL_Driver/Src/stm32f4xx_hal_uart.o

.debug_str      0x0000000000000000    0x931b4
 .debug_str     0x0000000000000000    0x89da6 ./Core/Src/HMC5883L.o
                                      0x8a0bb (size before relaxing)
 .debug_str     0x0000000000089da6      0x720 ./Core/Src/bmp280.o
                                      0x88f5f (size before relaxing)
 .debug_str     0x000000000008a4c6     0x583e ./Core/Src/main.o
                                      0x8fc6f (size before relaxing)
 .debug_str     0x000000000008fd04       0xf8 ./Core/Src/stm32f4xx_hal_msp.o
                                      0x89390 (size before relaxing)
 .debug_str     0x000000000008fdfc      0x175 ./Core/Src/stm32f4xx_it.o
                                      0x88bf8 (size before relaxing)
 .debug_str     0x000000000008ff71       0xdb ./Core/Src/system_stm32f4xx.o
                                      0x8846a (size before relaxing)
 .debug_str     0x000000000009004c       0x36 ./Core/Startup/startup_stm32f411ceux.o
                                         0x76 (size before relaxing)
 .debug_str     0x0000000000090082      0x60d ./Drivers/STM32F4xx_HAL_Driver/Src/stm32f4xx_hal.o
                                      0x88e96 (size before relaxing)
 .debug_str     0x000000000009068f      0x323 ./Drivers/STM32F4xx_HAL_Driver/Src/stm32f4xx_hal_cortex.o
                                      0x88bb7 (size before relaxing)
 .debug_str     0x00000000000909b2      0x2f4 ./Drivers/STM32F4xx_HAL_Driver/Src/stm32f4xx_hal_dma.o
                                      0x88872 (size before relaxing)
 .debug_str     0x0000000000090ca6       0xd0 ./Drivers/STM32F4xx_HAL_Driver/Src/stm32f4xx_hal_gpio.o
                                      0x885e5 (size before relaxing)
 .debug_str     0x0000000000090d76      0xa9d ./Drivers/STM32F4xx_HAL_Driver/Src/stm32f4xx_hal_i2c.o
                                      0x89428 (size before relaxing)
 .debug_str     0x0000000000091813      0x213 ./Drivers/STM32F4xx_HAL_Driver/Src/stm32f4xx_hal_rcc.o
                                      0x8889e (size before relaxing)
 .debug_str     0x0000000000091a26      0xd26 ./Drivers/STM32F4xx_HAL_Driver/Src/stm32f4xx_hal_tim.o
                                      0x897d2 (size before relaxing)
 .debug_str     0x000000000009274c      0x493 ./Drivers/STM32F4xx_HAL_Driver/Src/stm32f4xx_hal_tim_ex.o
                                      0x88fee (size before relaxing)
 .debug_str     0x0000000000092bdf      0x5d5 ./Drivers/STM32F4xx_HAL_Driver/Src/stm32f4xx_hal_uart.o
                                      0x88e2b (size before relaxing)

.comment        0x0000000000000000       0x50
 .comment       0x0000000000000000       0x50 ./Core/Src/HMC5883L.o
                                         0x51 (size before relaxing)
 .comment       0x0000000000000050       0x51 ./Core/Src/bmp280.o
 .comment       0x0000000000000050       0x51 ./Core/Src/main.o
 .comment       0x0000000000000050       0x51 ./Core/Src/stm32f4xx_hal_msp.o
 .comment       0x0000000000000050       0x51 ./Core/Src/stm32f4xx_it.o
 .comment       0x0000000000000050       0x51 ./Core/Src/system_stm32f4xx.o
 .comment       0x0000000000000050       0x51 ./Drivers/STM32F4xx_HAL_Driver/Src/stm32f4xx_hal.o
 .comment       0x0000000000000050       0x51 ./Drivers/STM32F4xx_HAL_Driver/Src/stm32f4xx_hal_cortex.o
 .comment       0x0000000000000050       0x51 ./Drivers/STM32F4xx_HAL_Driver/Src/stm32f4xx_hal_dma.o
 .comment       0x0000000000000050       0x51 ./Drivers/STM32F4xx_HAL_Driver/Src/stm32f4xx_hal_gpio.o