../Core/Src/main.c:204:6:MPU6050_Init	32	static
../Core/Src/main.c:236:6:gyro_get_data	40	static
../Core/Src/main.c:258:6:mpu6050_cal	16	static
../Core/Src/main.c:320:5:main	24	static
../Core/Src/main.c:643:6:SystemClock_Config	88	static
../Core/Src/main.c:689:13:MX_I2C1_Init	8	static
../Core/Src/main.c:723:13:MX_TIM5_Init	64	static
../Core/Src/main.c:794:13:MX_TIM10_Init	8	static
../Core/Src/main.c:825:13:MX_TIM11_Init	8	static
../Core/Src/main.c:857:13:MX_USART1_UART_Init	8	static
../Core/Src/main.c:888:13:MX_DMA_Init	16	static
../Core/Src/main.c:906:13:MX_GPIO_Init	48	static
../Core/Src/main.c:953:6:HAL_GPIO_EXTI_Callback	16	static
../Core/Src/main.c:978:6:Error_Handler	4	static,ignoring_inline_asm
